../Middlewares/ST/STM32_USB_Device_Library/Class/MIDI/Src/usbd_midi.c:340:16:USBD_CDC_Init	24	static
../Middlewares/ST/STM32_USB_Device_Library/Class/MIDI/Src/usbd_midi.c:441:16:USBD_CDC_DeInit	16	static
../Middlewares/ST/STM32_USB_Device_Library/Class/MIDI/Src/usbd_midi.c:485:16:USBD_CDC_Setup	32	static
../Middlewares/ST/STM32_USB_Device_Library/Class/MIDI/Src/usbd_midi.c:589:16:USBD_CDC_DataIn	24	static
../Middlewares/ST/STM32_USB_Device_Library/Class/MIDI/Src/usbd_midi.c:630:16:USBD_CDC_DataOut	24	static
../Middlewares/ST/STM32_USB_Device_Library/Class/MIDI/Src/usbd_midi.c:656:16:USBD_CDC_EP0_RxReady	24	static
../Middlewares/ST/STM32_USB_Device_Library/Class/MIDI/Src/usbd_midi.c:682:17:USBD_CDC_GetFSCfgDesc	32	static
../Middlewares/ST/STM32_USB_Device_Library/Class/MIDI/Src/usbd_midi.c:713:17:USBD_CDC_GetHSCfgDesc	32	static
../Middlewares/ST/STM32_USB_Device_Library/Class/MIDI/Src/usbd_midi.c:744:17:USBD_CDC_GetOtherSpeedCfgDesc	32	static
../Middlewares/ST/STM32_USB_Device_Library/Class/MIDI/Src/usbd_midi.c:775:10:USBD_CDC_GetDeviceQualifierDescriptor	16	static
../Middlewares/ST/STM32_USB_Device_Library/Class/MIDI/Src/usbd_midi.c:788:9:USBD_CDC_RegisterInterface	16	static
../Middlewares/ST/STM32_USB_Device_Library/Class/MIDI/Src/usbd_midi.c:808:9:USBD_CDC_SetTxBuffer	32	static
../Middlewares/ST/STM32_USB_Device_Library/Class/MIDI/Src/usbd_midi.c:830:9:USBD_CDC_SetRxBuffer	24	static
../Middlewares/ST/STM32_USB_Device_Library/Class/MIDI/Src/usbd_midi.c:850:9:USBD_CDC_TransmitPacket	24	static
../Middlewares/ST/STM32_USB_Device_Library/Class/MIDI/Src/usbd_midi.c:887:9:USBD_CDC_ReceivePacket	24	static
