Archive member included to satisfy reference by file (symbol)

/Applications/STM32CubeIDE.app/Contents/Eclipse/plugins/com.st.stm32cube.ide.mcu.externaltools.gnu-tools-for-stm32.10.3-2021.10.macos64_1.0.200.202301161003/tools/bin/../lib/gcc/arm-none-eabi/10.3.1/../../../../arm-none-eabi/lib/thumb/v7e-m+dp/hard/libc_nano.a(lib_a-errno.o)
                              ./Core/Src/syscalls.o (__errno)
/Applications/STM32CubeIDE.app/Contents/Eclipse/plugins/com.st.stm32cube.ide.mcu.externaltools.gnu-tools-for-stm32.10.3-2021.10.macos64_1.0.200.202301161003/tools/bin/../lib/gcc/arm-none-eabi/10.3.1/../../../../arm-none-eabi/lib/thumb/v7e-m+dp/hard/libc_nano.a(lib_a-exit.o)
                              /Applications/STM32CubeIDE.app/Contents/Eclipse/plugins/com.st.stm32cube.ide.mcu.externaltools.gnu-tools-for-stm32.10.3-2021.10.macos64_1.0.200.202301161003/tools/bin/../lib/gcc/arm-none-eabi/10.3.1/../../../../arm-none-eabi/lib/thumb/v7e-m+dp/hard/crt0.o (exit)
/Applications/STM32CubeIDE.app/Contents/Eclipse/plugins/com.st.stm32cube.ide.mcu.externaltools.gnu-tools-for-stm32.10.3-2021.10.macos64_1.0.200.202301161003/tools/bin/../lib/gcc/arm-none-eabi/10.3.1/../../../../arm-none-eabi/lib/thumb/v7e-m+dp/hard/libc_nano.a(lib_a-impure.o)
                              /Applications/STM32CubeIDE.app/Contents/Eclipse/plugins/com.st.stm32cube.ide.mcu.externaltools.gnu-tools-for-stm32.10.3-2021.10.macos64_1.0.200.202301161003/tools/bin/../lib/gcc/arm-none-eabi/10.3.1/../../../../arm-none-eabi/lib/thumb/v7e-m+dp/hard/libc_nano.a(lib_a-exit.o) (_global_impure_ptr)
/Applications/STM32CubeIDE.app/Contents/Eclipse/plugins/com.st.stm32cube.ide.mcu.externaltools.gnu-tools-for-stm32.10.3-2021.10.macos64_1.0.200.202301161003/tools/bin/../lib/gcc/arm-none-eabi/10.3.1/../../../../arm-none-eabi/lib/thumb/v7e-m+dp/hard/libc_nano.a(lib_a-init.o)
                              /Applications/STM32CubeIDE.app/Contents/Eclipse/plugins/com.st.stm32cube.ide.mcu.externaltools.gnu-tools-for-stm32.10.3-2021.10.macos64_1.0.200.202301161003/tools/bin/../lib/gcc/arm-none-eabi/10.3.1/../../../../arm-none-eabi/lib/thumb/v7e-m+dp/hard/crt0.o (__libc_init_array)
/Applications/STM32CubeIDE.app/Contents/Eclipse/plugins/com.st.stm32cube.ide.mcu.externaltools.gnu-tools-for-stm32.10.3-2021.10.macos64_1.0.200.202301161003/tools/bin/../lib/gcc/arm-none-eabi/10.3.1/../../../../arm-none-eabi/lib/thumb/v7e-m+dp/hard/libc_nano.a(lib_a-memset.o)
                              /Applications/STM32CubeIDE.app/Contents/Eclipse/plugins/com.st.stm32cube.ide.mcu.externaltools.gnu-tools-for-stm32.10.3-2021.10.macos64_1.0.200.202301161003/tools/bin/../lib/gcc/arm-none-eabi/10.3.1/../../../../arm-none-eabi/lib/thumb/v7e-m+dp/hard/crt0.o (memset)
/Applications/STM32CubeIDE.app/Contents/Eclipse/plugins/com.st.stm32cube.ide.mcu.externaltools.gnu-tools-for-stm32.10.3-2021.10.macos64_1.0.200.202301161003/tools/bin/../lib/gcc/arm-none-eabi/10.3.1/thumb/v7e-m+dp/hard/libgcc.a(_aeabi_uldivmod.o)
                              ./Drivers/STM32H7xx_HAL_Driver/Src/stm32h7xx_hal_uart.o (__aeabi_uldivmod)
/Applications/STM32CubeIDE.app/Contents/Eclipse/plugins/com.st.stm32cube.ide.mcu.externaltools.gnu-tools-for-stm32.10.3-2021.10.macos64_1.0.200.202301161003/tools/bin/../lib/gcc/arm-none-eabi/10.3.1/thumb/v7e-m+dp/hard/libgcc.a(_udivmoddi4.o)
                              /Applications/STM32CubeIDE.app/Contents/Eclipse/plugins/com.st.stm32cube.ide.mcu.externaltools.gnu-tools-for-stm32.10.3-2021.10.macos64_1.0.200.202301161003/tools/bin/../lib/gcc/arm-none-eabi/10.3.1/thumb/v7e-m+dp/hard/libgcc.a(_aeabi_uldivmod.o) (__udivmoddi4)
/Applications/STM32CubeIDE.app/Contents/Eclipse/plugins/com.st.stm32cube.ide.mcu.externaltools.gnu-tools-for-stm32.10.3-2021.10.macos64_1.0.200.202301161003/tools/bin/../lib/gcc/arm-none-eabi/10.3.1/thumb/v7e-m+dp/hard/libgcc.a(_dvmd_tls.o)
                              /Applications/STM32CubeIDE.app/Contents/Eclipse/plugins/com.st.stm32cube.ide.mcu.externaltools.gnu-tools-for-stm32.10.3-2021.10.macos64_1.0.200.202301161003/tools/bin/../lib/gcc/arm-none-eabi/10.3.1/thumb/v7e-m+dp/hard/libgcc.a(_aeabi_uldivmod.o) (__aeabi_ldiv0)

Discarded input sections

 .text          0x0000000000000000        0x0 /Applications/STM32CubeIDE.app/Contents/Eclipse/plugins/com.st.stm32cube.ide.mcu.externaltools.gnu-tools-for-stm32.10.3-2021.10.macos64_1.0.200.202301161003/tools/bin/../lib/gcc/arm-none-eabi/10.3.1/thumb/v7e-m+dp/hard/crti.o
 .data          0x0000000000000000        0x0 /Applications/STM32CubeIDE.app/Contents/Eclipse/plugins/com.st.stm32cube.ide.mcu.externaltools.gnu-tools-for-stm32.10.3-2021.10.macos64_1.0.200.202301161003/tools/bin/../lib/gcc/arm-none-eabi/10.3.1/thumb/v7e-m+dp/hard/crti.o
 .bss           0x0000000000000000        0x0 /Applications/STM32CubeIDE.app/Contents/Eclipse/plugins/com.st.stm32cube.ide.mcu.externaltools.gnu-tools-for-stm32.10.3-2021.10.macos64_1.0.200.202301161003/tools/bin/../lib/gcc/arm-none-eabi/10.3.1/thumb/v7e-m+dp/hard/crti.o
[...]
Memory Configuration

Name             Origin             Length             Attributes
ITCMRAM          0x0000000000000000 0x0000000000010000 xrw
FLASH            0x0000000008000000 0x0000000000200000 xr
DTCMRAM1         0x0000000020000000 0x0000000000010000 xrw
DTCMRAM2         0x0000000020010000 0x0000000000010000 xrw
RAM              0x0000000024000000 0x0000000000100000 xrw
RAM_CD           0x0000000030000000 0x0000000000020000 xrw
RAM_SRD          0x0000000038000000 0x0000000000008000 xrw
*default*        0x0000000000000000 0xffffffffffffffff

Linker script and memory map

LOAD /Applications/STM32CubeIDE.app/Contents/Eclipse/plugins/com.st.stm32cube.ide.mcu.externaltools.gnu-tools-for-stm32.10.3-2021.10.macos64_1.0.200.202301161003/tools/bin/../lib/gcc/arm-none-eabi/10.3.1/thumb/v7e-m+dp/hard/crti.o
LOAD /Applications/STM32CubeIDE.app/Contents/Eclipse/plugins/com.st.stm32cube.ide.mcu.externaltools.gnu-tools-for-stm32.10.3-2021.10.macos64_1.0.200.202301161003/tools/bin/../lib/gcc/arm-none-eabi/10.3.1/thumb/v7e-m+dp/hard/crtbegin.o
LOAD /Applications/STM32CubeIDE.app/Contents/Eclipse/plugins/com.st.stm32cube.ide.mcu.externaltools.gnu-tools-for-stm32.10.3-2021.10.macos64_1.0.200.202301161003/tools/bin/../lib/gcc/arm-none-eabi/10.3.1/../../../../arm-none-eabi/lib/thumb/v7e-m+dp/hard/crt0.o
LOAD ./Core/Src/gpio.o
LOAD ./Core/Src/main.o
LOAD ./Core/Src/stm32h7xx_hal_msp.o
LOAD ./Core/Src/stm32h7xx_it.o
LOAD ./Core/Src/syscalls.o
LOAD ./Core/Src/sysmem.o
LOAD ./Core/Src/system_stm32h7xx.o
LOAD ./Core/Src/tim.o
LOAD ./Core/Src/usart.o
LOAD ./Core/Startup/startup_stm32h7a3zitxq.o
LOAD ./Drivers/STM32H7xx_HAL_Driver/Src/stm32h7xx_hal.o
LOAD ./Drivers/STM32H7xx_HAL_Driver/Src/stm32h7xx_hal_cortex.o
LOAD ./Drivers/STM32H7xx_HAL_Driver/Src/stm32h7xx_hal_dma.o
LOAD ./Drivers/STM32H7xx_HAL_Driver/Src/stm32h7xx_hal_dma_ex.o
LOAD ./Drivers/STM32H7xx_HAL_Driver/Src/stm32h7xx_hal_exti.o
LOAD ./Drivers/STM32H7xx_HAL_Driver/Src/stm32h7xx_hal_flash.o
LOAD ./Drivers/STM32H7xx_HAL_Driver/Src/stm32h7xx_hal_flash_ex.o
LOAD ./Drivers/STM32H7xx_HAL_Driver/Src/stm32h7xx_hal_gpio.o
LOAD ./Drivers/STM32H7xx_HAL_Driver/Src/stm32h7xx_hal_hsem.o
LOAD ./Drivers/STM32H7xx_HAL_Driver/Src/stm32h7xx_hal_i2c.o
LOAD ./Drivers/STM32H7xx_HAL_Driver/Src/stm32h7xx_hal_i2c_ex.o
LOAD ./Drivers/STM32H7xx_HAL_Driver/Src/stm32h7xx_hal_mdma.o
LOAD ./Drivers/STM32H7xx_HAL_Driver/Src/stm32h7xx_hal_pcd.o
LOAD ./Drivers/STM32H7xx_HAL_Driver/Src/stm32h7xx_hal_pcd_ex.o
LOAD ./Drivers/STM32H7xx_HAL_Driver/Src/stm32h7xx_hal_pwr.o
LOAD ./Drivers/STM32H7xx_HAL_Driver/Src/stm32h7xx_hal_pwr_ex.o
LOAD ./Drivers/STM32H7xx_HAL_Driver/Src/stm32h7xx_hal_rcc.o
LOAD ./Drivers/STM32H7xx_HAL_Driver/Src/stm32h7xx_hal_rcc_ex.o
LOAD ./Drivers/STM32H7xx_HAL_Driver/Src/stm32h7xx_hal_tim.o
LOAD ./Drivers/STM32H7xx_HAL_Driver/Src/stm32h7xx_hal_tim_ex.o
LOAD ./Drivers/STM32H7xx_HAL_Driver/Src/stm32h7xx_hal_uart.o
LOAD ./Drivers/STM32H7xx_HAL_Driver/Src/stm32h7xx_hal_uart_ex.o
LOAD ./Drivers/STM32H7xx_HAL_Driver/Src/stm32h7xx_ll_usb.o
LOAD ./Middlewares/ST/STM32_USB_Device_Library/Class/MIDI/Src/usbd_midi.o
LOAD ./Middlewares/ST/STM32_USB_Device_Library/Core/Src/usbd_core.o
LOAD ./Middlewares/ST/STM32_USB_Device_Library/Core/Src/usbd_ctlreq.o
LOAD ./Middlewares/ST/STM32_USB_Device_Library/Core/Src/usbd_ioreq.o
LOAD ./USB_DEVICE/App/usb_device.o
LOAD ./USB_DEVICE/App/usbd_desc_midi.o
LOAD ./USB_DEVICE/App/usbd_midi_if.o
LOAD ./USB_DEVICE/Target/usbd_conf_midi.o
START GROUP
LOAD /Applications/STM32CubeIDE.app/Contents/Eclipse/plugins/com.st.stm32cube.ide.mcu.externaltools.gnu-tools-for-stm32.10.3-2021.10.macos64_1.0.200.202301161003/tools/bin/../lib/gcc/arm-none-eabi/10.3.1/../../../../arm-none-eabi/lib/thumb/v7e-m+dp/hard/libc_nano.a
LOAD /Applications/STM32CubeIDE.app/Contents/Eclipse/plugins/com.st.stm32cube.ide.mcu.externaltools.gnu-tools-for-stm32.10.3-2021.10.macos64_1.0.200.202301161003/tools/bin/../lib/gcc/arm-none-eabi/10.3.1/../../../../arm-none-eabi/lib/thumb/v7e-m+dp/hard/libm.a
END GROUP
START GROUP
LOAD /Applications/STM32CubeIDE.app/Contents/Eclipse/plugins/com.st.stm32cube.ide.mcu.externaltools.gnu-tools-for-stm32.10.3-2021.10.macos64_1.0.200.202301161003/tools/bin/../lib/gcc/arm-none-eabi/10.3.1/thumb/v7e-m+dp/hard/libgcc.a
LOAD /Applications/STM32CubeIDE.app/Contents/Eclipse/plugins/com.st.stm32cube.ide.mcu.externaltools.gnu-tools-for-stm32.10.3-2021.10.macos64_1.0.200.202301161003/tools/bin/../lib/gcc/arm-none-eabi/10.3.1/../../../../arm-none-eabi/lib/thumb/v7e-m+dp/hard/libc_nano.a
END GROUP
START GROUP
LOAD /Applications/STM32CubeIDE.app/Contents/Eclipse/plugins/com.st.stm32cube.ide.mcu.externaltools.gnu-tools-for-stm32.10.3-2021.10.macos64_1.0.200.202301161003/tools/bin/../lib/gcc/arm-none-eabi/10.3.1/thumb/v7e-m+dp/hard/libgcc.a
LOAD /Applications/STM32CubeIDE.app/Contents/Eclipse/plugins/com.st.stm32cube.ide.mcu.externaltools.gnu-tools-for-stm32.10.3-2021.10.macos64_1.0.200.202301161003/tools/bin/../lib/gcc/arm-none-eabi/10.3.1/../../../../arm-none-eabi/lib/thumb/v7e-m+dp/hard/libc_nano.a
LOAD /Applications/STM32CubeIDE.app/Contents/Eclipse/plugins/com.st.stm32cube.ide.mcu.externaltools.gnu-tools-for-stm32.10.3-2021.10.macos64_1.0.200.202301161003/tools/bin/../lib/gcc/arm-none-eabi/10.3.1/../../../../arm-none-eabi/lib/thumb/v7e-m+dp/hard/libnosys.a
END GROUP
START GROUP
LOAD /Applications/STM32CubeIDE.app/Contents/Eclipse/plugins/com.st.stm32cube.ide.mcu.externaltools.gnu-tools-for-stm32.10.3-2021.10.macos64_1.0.200.202301161003/tools/bin/../lib/gcc/arm-none-eabi/10.3.1/thumb/v7e-m+dp/hard/libgcc.a
LOAD /Applications/STM32CubeIDE.app/Contents/Eclipse/plugins/com.st.stm32cube.ide.mcu.externaltools.gnu-tools-for-stm32.10.3-2021.10.macos64_1.0.200.202301161003/tools/bin/../lib/gcc/arm-none-eabi/10.3.1/../../../../arm-none-eabi/lib/thumb/v7e-m+dp/hard/libc_nano.a
LOAD /Applications/STM32CubeIDE.app/Contents/Eclipse/plugins/com.st.stm32cube.ide.mcu.externaltools.gnu-tools-for-stm32.10.3-2021.10.macos64_1.0.200.202301161003/tools/bin/../lib/gcc/arm-none-eabi/10.3.1/../../../../arm-none-eabi/lib/thumb/v7e-m+dp/hard/libnosys.a
END GROUP
LOAD /Applications/STM32CubeIDE.app/Contents/Eclipse/plugins/com.st.stm32cube.ide.mcu.externaltools.gnu-tools-for-stm32.10.3-2021.10.macos64_1.0.200.202301161003/tools/bin/../lib/gcc/arm-none-eabi/10.3.1/thumb/v7e-m+dp/hard/crtend.o
LOAD /Applications/STM32CubeIDE.app/Contents/Eclipse/plugins/com.st.stm32cube.ide.mcu.externaltools.gnu-tools-for-stm32.10.3-2021.10.macos64_1.0.200.202301161003/tools/bin/../lib/gcc/arm-none-eabi/10.3.1/thumb/v7e-m+dp/hard/crtn.o
                0x0000000024100000                _estack = (ORIGIN (RAM) + LENGTH (RAM))
                0x0000000000000200                _Min_Heap_Size = 0x200
                0x0000000000000400                _Min_Stack_Size = 0x400

.isr_vector     0x0000000008000000      0x2ac
                0x0000000008000000                . = ALIGN (0x4)
 *(.isr_vector)
 .isr_vector    0x0000000008000000      0x2ac ./Core/Startup/startup_stm32h7a3zitxq.o
                0x0000000008000000                g_pfnVectors
                0x00000000080002ac                . = ALIGN (0x4)

.text           0x00000000080002ac     0xe398
                0x00000000080002ac                . = ALIGN (0x4)
 *(.text)
 .text          0x00000000080002ac       0x40 /Applications/STM32CubeIDE.app/Contents/Eclipse/plugins/com.st.stm32cube.ide.mcu.externaltools.gnu-tools-for-stm32.10.3-2021.10.macos64_1.0.200.202301161003/tools/bin/../lib/gcc/arm-none-eabi/10.3.1/thumb/v7e-m+dp/hard/crtbegin.o
 .text          0x00000000080002ec       0x30 /Applications/STM32CubeIDE.app/Contents/Eclipse/plugins/com.st.stm32cube.ide.mcu.externaltools.gnu-tools-for-stm32.10.3-2021.10.macos64_1.0.200.202301161003/tools/bin/../lib/gcc/arm-none-eabi/10.3.1/thumb/v7e-m+dp/hard/libgcc.a(_aeabi_uldivmod.o)
                0x00000000080002ec                __aeabi_uldivmod
 .text          0x000000000800031c      0x2d0 /Applications/STM32CubeIDE.app/Contents/Eclipse/plugins/com.st.stm32cube.ide.mcu.externaltools.gnu-tools-for-stm32.10.3-2021.10.macos64_1.0.200.202301161003/tools/bin/../lib/gcc/arm-none-eabi/10.3.1/thumb/v7e-m+dp/hard/libgcc.a(_udivmoddi4.o)
                0x000000000800031c                __udivmoddi4
 .text          0x00000000080005ec        0x4 /Applications/STM32CubeIDE.app/Contents/Eclipse/plugins/com.st.stm32cube.ide.mcu.externaltools.gnu-tools-for-stm32.10.3-2021.10.macos64_1.0.200.202301161003/tools/bin/../lib/gcc/arm-none-eabi/10.3.1/thumb/v7e-m+dp/hard/libgcc.a(_dvmd_tls.o)
                0x00000000080005ec                __aeabi_ldiv0
                0x00000000080005ec                __aeabi_idiv0
 *(.text*)
 .text.MX_GPIO_Init
                0x00000000080005f0      0x280 ./Core/Src/gpio.o
                0x00000000080005f0                MX_GPIO_Init
 .text.HAL_TIM_PeriodElapsedCallback
                0x0000000008000870       0xa4 ./Core/Src/main.o
                0x0000000008000870                HAL_TIM_PeriodElapsedCallback
 .text.main     0x0000000008000914      0x1d8 ./Core/Src/main.o
                0x0000000008000914                main
 .text.SystemClock_Config
                0x0000000008000aec       0xf0 ./Core/Src/main.o
                0x0000000008000aec                SystemClock_Config
 .text.HAL_UART_RxCpltCallback
                0x0000000008000bdc       0x44 ./Core/Src/main.o
                0x0000000008000bdc                HAL_UART_RxCpltCallback
 .text.Error_Handler
                0x0000000008000c20        0xa ./Core/Src/main.o
                0x0000000008000c20                Error_Handler
 *fill*         0x0000000008000c2a        0x2 
 .text.HAL_MspInit
                0x0000000008000c2c       0x34 ./Core/Src/stm32h7xx_hal_msp.o
                0x0000000008000c2c                HAL_MspInit
 .text.NMI_Handler
                0x0000000008000c60        0x6 ./Core/Src/stm32h7xx_it.o
                0x0000000008000c60                NMI_Handler
 .text.HardFault_Handler
                0x0000000008000c66        0x6 ./Core/Src/stm32h7xx_it.o
                0x0000000008000c66                HardFault_Handler
 .text.MemManage_Handler
                0x0000000008000c6c        0x6 ./Core/Src/stm32h7xx_it.o
                0x0000000008000c6c                MemManage_Handler
 .text.BusFault_Handler
                0x0000000008000c72        0x6 ./Core/Src/stm32h7xx_it.o
                0x0000000008000c72                BusFault_Handler
 .text.UsageFault_Handler
                0x0000000008000c78        0x6 ./Core/Src/stm32h7xx_it.o
                0x0000000008000c78                UsageFault_Handler
 .text.SVC_Handler
                0x0000000008000c7e        0xe ./Core/Src/stm32h7xx_it.o
                0x0000000008000c7e                SVC_Handler
 .text.DebugMon_Handler
                0x0000000008000c8c        0xe ./Core/Src/stm32h7xx_it.o
                0x0000000008000c8c                DebugMon_Handler
 .text.PendSV_Handler
                0x0000000008000c9a        0xe ./Core/Src/stm32h7xx_it.o
                0x0000000008000c9a                PendSV_Handler
 .text.SysTick_Handler
                0x0000000008000ca8        0xc ./Core/Src/stm32h7xx_it.o
                0x0000000008000ca8                SysTick_Handler
 .text.TIM1_UP_IRQHandler
                0x0000000008000cb4       0x14 ./Core/Src/stm32h7xx_it.o
                0x0000000008000cb4                TIM1_UP_IRQHandler
 .text.USART3_IRQHandler
                0x0000000008000cc8       0x14 ./Core/Src/stm32h7xx_it.o
                0x0000000008000cc8                USART3_IRQHandler
 .text.OTG_HS_IRQHandler
                0x0000000008000cdc       0x14 ./Core/Src/stm32h7xx_it.o
                0x0000000008000cdc                OTG_HS_IRQHandler
 .text.SystemInit
                0x0000000008000cf0       0xf0 ./Core/Src/system_stm32h7xx.o
                0x0000000008000cf0                SystemInit
 .text.MX_TIM1_Init
                0x0000000008000de0       0xa8 ./Core/Src/tim.o
                0x0000000008000de0                MX_TIM1_Init
 .text.MX_TIM2_Init
                0x0000000008000e88       0xb4 ./Core/Src/tim.o
                0x0000000008000e88                MX_TIM2_Init
 .text.HAL_TIM_Base_MspInit
                0x0000000008000f3c       0x50 ./Core/Src/tim.o
                0x0000000008000f3c                HAL_TIM_Base_MspInit
 .text.HAL_TIM_PWM_MspInit
                0x0000000008000f8c       0x40 ./Core/Src/tim.o
                0x0000000008000f8c                HAL_TIM_PWM_MspInit
 .text.HAL_TIM_MspPostInit
                0x0000000008000fcc       0x70 ./Core/Src/tim.o
                0x0000000008000fcc                HAL_TIM_MspPostInit
 .text.MX_USART3_UART_Init
                0x000000000800103c       0x98 ./Core/Src/usart.o
                0x000000000800103c                MX_USART3_UART_Init
 .text.HAL_UART_MspInit
                0x00000000080010d4       0xe4 ./Core/Src/usart.o
                0x00000000080010d4                HAL_UART_MspInit
 .text.Reset_Handler
                0x00000000080011b8       0x50 ./Core/Startup/startup_stm32h7a3zitxq.o
                0x00000000080011b8                Reset_Handler
 .text.Default_Handler
                0x0000000008001208        0x2 ./Core/Startup/startup_stm32h7a3zitxq.o
                0x0000000008001208                BDMA2_Channel4_IRQHandler
                0x0000000008001208                EXTI2_IRQHandler
                0x0000000008001208                TIM8_CC_IRQHandler
                0x0000000008001208                UART8_IRQHandler
                0x0000000008001208                BDMA2_Channel1_IRQHandler
                0x0000000008001208                SPI4_IRQHandler
                0x0000000008001208                BDMA2_Channel0_IRQHandler
                0x0000000008001208                TIM1_CC_IRQHandler
                0x0000000008001208                DMA2_Stream5_IRQHandler
                0x0000000008001208                JPEG_IRQHandler
                0x0000000008001208                DMA1_Stream5_IRQHandler
                0x0000000008001208                EXTI3_IRQHandler
                0x0000000008001208                LPTIM4_IRQHandler
                0x0000000008001208                TIM8_TRG_COM_TIM14_IRQHandler
                0x0000000008001208                LPTIM2_IRQHandler
                0x0000000008001208                DFSDM1_FLT1_IRQHandler
                0x0000000008001208                DMAMUX2_OVR_IRQHandler
                0x0000000008001208                GFXMMU_IRQHandler
                0x0000000008001208                TIM8_UP_TIM13_IRQHandler
                0x0000000008001208                I2C3_ER_IRQHandler
                0x0000000008001208                DFSDM1_FLT2_IRQHandler
                0x0000000008001208                USART10_IRQHandler
                0x0000000008001208                MDMA_IRQHandler
                0x0000000008001208                LPTIM3_IRQHandler
                0x0000000008001208                BDMA2_Channel3_IRQHandler
                0x0000000008001208                HSEM1_IRQHandler
                0x0000000008001208                EXTI0_IRQHandler
                0x0000000008001208                I2C2_EV_IRQHandler
                0x0000000008001208                DAC2_IRQHandler
                0x0000000008001208                DMA1_Stream2_IRQHandler
                0x0000000008001208                FPU_IRQHandler
                0x0000000008001208                OTG_HS_WKUP_IRQHandler
                0x0000000008001208                FDCAN1_IT1_IRQHandler
                0x0000000008001208                LTDC_ER_IRQHandler
                0x0000000008001208                DMA2_Stream2_IRQHandler
                0x0000000008001208                SPI1_IRQHandler
                0x0000000008001208                OCTOSPI1_IRQHandler
                0x0000000008001208                TIM6_DAC_IRQHandler
                0x0000000008001208                BDMA2_Channel6_IRQHandler
                0x0000000008001208                DMA2_Stream3_IRQHandler
                0x0000000008001208                OCTOSPI2_IRQHandler
                0x0000000008001208                SAI2_IRQHandler
                0x0000000008001208                BDMA1_IRQHandler
                0x0000000008001208                DFSDM1_FLT3_IRQHandler
                0x0000000008001208                USART6_IRQHandler
                0x0000000008001208                TIM17_IRQHandler
                0x0000000008001208                LPTIM5_IRQHandler
                0x0000000008001208                UART5_IRQHandler
                0x0000000008001208                DMA2_Stream0_IRQHandler
                0x0000000008001208                TIM4_IRQHandler
                0x0000000008001208                I2C1_EV_IRQHandler
                0x0000000008001208                DMA1_Stream6_IRQHandler
                0x0000000008001208                DMAMUX1_OVR_IRQHandler
                0x0000000008001208                DMA1_Stream1_IRQHandler
                0x0000000008001208                TIM16_IRQHandler
                0x0000000008001208                UART4_IRQHandler
                0x0000000008001208                TIM3_IRQHandler
                0x0000000008001208                RCC_IRQHandler
                0x0000000008001208                UART9_IRQHandler
                0x0000000008001208                TIM8_BRK_TIM12_IRQHandler
                0x0000000008001208                TIM1_TRG_COM_IRQHandler
                0x0000000008001208                Default_Handler
                0x0000000008001208                ECC_IRQHandler
                0x0000000008001208                BDMA2_Channel2_IRQHandler
                0x0000000008001208                CEC_IRQHandler
                0x0000000008001208                EXTI15_10_IRQHandler
                0x0000000008001208                DFSDM1_FLT4_IRQHandler
                0x0000000008001208                ADC_IRQHandler
                0x0000000008001208                DMA1_Stream7_IRQHandler
                0x0000000008001208                SPI5_IRQHandler
                0x0000000008001208                TIM7_IRQHandler
                0x0000000008001208                SDMMC1_IRQHandler
                0x0000000008001208                TIM5_IRQHandler
                0x0000000008001208                DMA2_Stream7_IRQHandler
                0x0000000008001208                TIM15_IRQHandler
                0x0000000008001208                I2C3_EV_IRQHandler
                0x0000000008001208                DFSDM2_IRQHandler
                0x0000000008001208                EXTI9_5_IRQHandler
                0x0000000008001208                RTC_WKUP_IRQHandler
                0x0000000008001208                LTDC_IRQHandler
                0x0000000008001208                SPDIF_RX_IRQHandler
                0x0000000008001208                PVD_PVM_IRQHandler
                0x0000000008001208                SPI2_IRQHandler
                0x0000000008001208                OTG_HS_EP1_IN_IRQHandler
                0x0000000008001208                DFSDM1_FLT5_IRQHandler
                0x0000000008001208                DMA1_Stream0_IRQHandler
                0x0000000008001208                CRS_IRQHandler
                0x0000000008001208                EXTI4_IRQHandler
                0x0000000008001208                DFSDM1_FLT6_IRQHandler
                0x0000000008001208                RNG_IRQHandler
                0x0000000008001208                FDCAN2_IT1_IRQHandler
                0x0000000008001208                COMP_IRQHandler
                0x0000000008001208                OTG_HS_EP1_OUT_IRQHandler
                0x0000000008001208                WWDG_IRQHandler
                0x0000000008001208                SPI6_IRQHandler
                0x0000000008001208                MDIOS_IRQHandler
                0x0000000008001208                I2C4_EV_IRQHandler
                0x0000000008001208                FDCAN2_IT0_IRQHandler
                0x0000000008001208                LPUART1_IRQHandler
                0x0000000008001208                FDCAN1_IT0_IRQHandler
                0x0000000008001208                TIM2_IRQHandler
                0x0000000008001208                BDMA2_Channel5_IRQHandler
                0x0000000008001208                DMA2D_IRQHandler
                0x0000000008001208                TIM1_BRK_IRQHandler
                0x0000000008001208                EXTI1_IRQHandler
                0x0000000008001208                SDMMC2_IRQHandler
                0x0000000008001208                DTS_IRQHandler
                0x0000000008001208                UART7_IRQHandler
                0x0000000008001208                MDIOS_WKUP_IRQHandler
                0x0000000008001208                USART2_IRQHandler
                0x0000000008001208                DFSDM1_FLT0_IRQHandler
                0x0000000008001208                I2C2_ER_IRQHandler
                0x0000000008001208                DMA2_Stream1_IRQHandler
                0x0000000008001208                DFSDM1_FLT7_IRQHandler
                0x0000000008001208                FLASH_IRQHandler
                0x0000000008001208                DMA2_Stream4_IRQHandler
                0x0000000008001208                USART1_IRQHandler
                0x0000000008001208                SPI3_IRQHandler
                0x0000000008001208                WAKEUP_PIN_IRQHandler
                0x0000000008001208                DMA1_Stream4_IRQHandler
                0x0000000008001208                I2C1_ER_IRQHandler
                0x0000000008001208                FMC_IRQHandler
                0x0000000008001208                BDMA2_Channel7_IRQHandler
                0x0000000008001208                FDCAN_CAL_IRQHandler
                0x0000000008001208                SWPMI1_IRQHandler
                0x0000000008001208                LPTIM1_IRQHandler
                0x0000000008001208                DCMI_PSSI_IRQHandler
                0x0000000008001208                I2C4_ER_IRQHandler
                0x0000000008001208                DMA2_Stream6_IRQHandler
                0x0000000008001208                SAI1_IRQHandler
                0x0000000008001208                DMA1_Stream3_IRQHandler
                0x0000000008001208                RTC_TAMP_STAMP_CSS_LSE_IRQHandler
                0x0000000008001208                RTC_Alarm_IRQHandler
 *fill*         0x000000000800120a        0x2 
 .text.HAL_Init
                0x000000000800120c       0x78 ./Drivers/STM32H7xx_HAL_Driver/Src/stm32h7xx_hal.o
                0x000000000800120c                HAL_Init
 .text.HAL_InitTick
                0x0000000008001284       0x6c ./Drivers/STM32H7xx_HAL_Driver/Src/stm32h7xx_hal.o
                0x0000000008001284                HAL_InitTick
 .text.HAL_IncTick
                0x00000000080012f0       0x28 ./Drivers/STM32H7xx_HAL_Driver/Src/stm32h7xx_hal.o
                0x00000000080012f0                HAL_IncTick
 .text.HAL_GetTick
                0x0000000008001318       0x18 ./Drivers/STM32H7xx_HAL_Driver/Src/stm32h7xx_hal.o
                0x0000000008001318                HAL_GetTick
 .text.HAL_Delay
                0x0000000008001330       0x48 ./Drivers/STM32H7xx_HAL_Driver/Src/stm32h7xx_hal.o
                0x0000000008001330                HAL_Delay
 .text.__NVIC_SetPriorityGrouping
                0x0000000008001378       0x48 ./Drivers/STM32H7xx_HAL_Driver/Src/stm32h7xx_hal_cortex.o
 .text.__NVIC_GetPriorityGrouping
                0x00000000080013c0       0x1c ./Drivers/STM32H7xx_HAL_Driver/Src/stm32h7xx_hal_cortex.o
 .text.__NVIC_EnableIRQ
                0x00000000080013dc       0x3c ./Drivers/STM32H7xx_HAL_Driver/Src/stm32h7xx_hal_cortex.o
 .text.__NVIC_SetPriority
                0x0000000008001418       0x54 ./Drivers/STM32H7xx_HAL_Driver/Src/stm32h7xx_hal_cortex.o
 .text.NVIC_EncodePriority
                0x000000000800146c       0x66 ./Drivers/STM32H7xx_HAL_Driver/Src/stm32h7xx_hal_cortex.o
 *fill*         0x00000000080014d2        0x2 
 .text.SysTick_Config
                0x00000000080014d4       0x44 ./Drivers/STM32H7xx_HAL_Driver/Src/stm32h7xx_hal_cortex.o
 .text.HAL_NVIC_SetPriorityGrouping
                0x0000000008001518       0x16 ./Drivers/STM32H7xx_HAL_Driver/Src/stm32h7xx_hal_cortex.o
                0x0000000008001518                HAL_NVIC_SetPriorityGrouping
 .text.HAL_NVIC_SetPriority
                0x000000000800152e       0x34 ./Drivers/STM32H7xx_HAL_Driver/Src/stm32h7xx_hal_cortex.o
                0x000000000800152e                HAL_NVIC_SetPriority
 .text.HAL_NVIC_EnableIRQ
                0x0000000008001562       0x1c ./Drivers/STM32H7xx_HAL_Driver/Src/stm32h7xx_hal_cortex.o
                0x0000000008001562                HAL_NVIC_EnableIRQ
 .text.HAL_SYSTICK_Config
                0x000000000800157e       0x18 ./Drivers/STM32H7xx_HAL_Driver/Src/stm32h7xx_hal_cortex.o
                0x000000000800157e                HAL_SYSTICK_Config
 *fill*         0x0000000008001596        0x2 
 .text.HAL_DMA_Abort
                0x0000000008001598      0x63c ./Drivers/STM32H7xx_HAL_Driver/Src/stm32h7xx_hal_dma.o
                0x0000000008001598                HAL_DMA_Abort
 .text.HAL_DMA_Abort_IT
                0x0000000008001bd4      0x48c ./Drivers/STM32H7xx_HAL_Driver/Src/stm32h7xx_hal_dma.o
                0x0000000008001bd4                HAL_DMA_Abort_IT
 .text.HAL_GPIO_Init
                0x0000000008002060      0x360 ./Drivers/STM32H7xx_HAL_Driver/Src/stm32h7xx_hal_gpio.o
                0x0000000008002060                HAL_GPIO_Init
 .text.HAL_GPIO_WritePin
                0x00000000080023c0       0x32 ./Drivers/STM32H7xx_HAL_Driver/Src/stm32h7xx_hal_gpio.o
                0x00000000080023c0                HAL_GPIO_WritePin
 .text.HAL_GPIO_TogglePin
                0x00000000080023f2       0x34 ./Drivers/STM32H7xx_HAL_Driver/Src/stm32h7xx_hal_gpio.o
                0x00000000080023f2                HAL_GPIO_TogglePin
 .text.HAL_PCD_Init
                0x0000000008002426      0x248 ./Drivers/STM32H7xx_HAL_Driver/Src/stm32h7xx_hal_pcd.o
                0x0000000008002426                HAL_PCD_Init
 .text.HAL_PCD_Start
                0x000000000800266e       0x6a ./Drivers/STM32H7xx_HAL_Driver/Src/stm32h7xx_hal_pcd.o
                0x000000000800266e                HAL_PCD_Start
 .text.HAL_PCD_IRQHandler
                0x00000000080026d8      0x998 ./Drivers/STM32H7xx_HAL_Driver/Src/stm32h7xx_hal_pcd.o
                0x00000000080026d8                HAL_PCD_IRQHandler
 .text.HAL_PCD_SetAddress
                0x0000000008003070       0x4a ./Drivers/STM32H7xx_HAL_Driver/Src/stm32h7xx_hal_pcd.o
                0x0000000008003070                HAL_PCD_SetAddress
 .text.HAL_PCD_EP_Open
                0x00000000080030ba       0xd0 ./Drivers/STM32H7xx_HAL_Driver/Src/stm32h7xx_hal_pcd.o
                0x00000000080030ba                HAL_PCD_EP_Open
 .text.HAL_PCD_EP_Close
                0x000000000800318a       0x94 ./Drivers/STM32H7xx_HAL_Driver/Src/stm32h7xx_hal_pcd.o
                0x000000000800318a                HAL_PCD_EP_Close
 .text.HAL_PCD_EP_Receive
                0x000000000800321e       0x78 ./Drivers/STM32H7xx_HAL_Driver/Src/stm32h7xx_hal_pcd.o
                0x000000000800321e                HAL_PCD_EP_Receive
 .text.HAL_PCD_EP_GetRxCount
                0x0000000008003296       0x30 ./Drivers/STM32H7xx_HAL_Driver/Src/stm32h7xx_hal_pcd.o
                0x0000000008003296                HAL_PCD_EP_GetRxCount
 .text.HAL_PCD_EP_Transmit
                0x00000000080032c6       0x76 ./Drivers/STM32H7xx_HAL_Driver/Src/stm32h7xx_hal_pcd.o
                0x00000000080032c6                HAL_PCD_EP_Transmit
 .text.HAL_PCD_EP_SetStall
                0x000000000800333c       0xc8 ./Drivers/STM32H7xx_HAL_Driver/Src/stm32h7xx_hal_pcd.o
                0x000000000800333c                HAL_PCD_EP_SetStall
 .text.HAL_PCD_EP_ClrStall
                0x0000000008003404       0xac ./Drivers/STM32H7xx_HAL_Driver/Src/stm32h7xx_hal_pcd.o
                0x0000000008003404                HAL_PCD_EP_ClrStall
 .text.HAL_PCD_EP_Abort
                0x00000000080034b0       0x62 ./Drivers/STM32H7xx_HAL_Driver/Src/stm32h7xx_hal_pcd.o
                0x00000000080034b0                HAL_PCD_EP_Abort
 .text.PCD_WriteEmptyTxFifo
                0x0000000008003512      0x11a ./Drivers/STM32H7xx_HAL_Driver/Src/stm32h7xx_hal_pcd.o
 .text.PCD_EP_OutXfrComplete_int
                0x000000000800362c      0x1d0 ./Drivers/STM32H7xx_HAL_Driver/Src/stm32h7xx_hal_pcd.o
 .text.PCD_EP_OutSetupPacket_int
                0x00000000080037fc       0x8c ./Drivers/STM32H7xx_HAL_Driver/Src/stm32h7xx_hal_pcd.o
 .text.HAL_PCDEx_SetTxFiFo
                0x0000000008003888       0x8e ./Drivers/STM32H7xx_HAL_Driver/Src/stm32h7xx_hal_pcd_ex.o
                0x0000000008003888                HAL_PCDEx_SetTxFiFo
 .text.HAL_PCDEx_SetRxFiFo
                0x0000000008003916       0x22 ./Drivers/STM32H7xx_HAL_Driver/Src/stm32h7xx_hal_pcd_ex.o
                0x0000000008003916                HAL_PCDEx_SetRxFiFo
 .text.HAL_PCDEx_ActivateLPM
                0x0000000008003938       0x48 ./Drivers/STM32H7xx_HAL_Driver/Src/stm32h7xx_hal_pcd_ex.o
                0x0000000008003938                HAL_PCDEx_ActivateLPM
 .text.HAL_PCDEx_LPM_Callback
                0x0000000008003980       0x18 ./Drivers/STM32H7xx_HAL_Driver/Src/stm32h7xx_hal_pcd_ex.o
                0x0000000008003980                HAL_PCDEx_LPM_Callback
 .text.HAL_PWREx_ConfigSupply
                0x0000000008003998       0xb4 ./Drivers/STM32H7xx_HAL_Driver/Src/stm32h7xx_hal_pwr_ex.o
                0x0000000008003998                HAL_PWREx_ConfigSupply
 .text.HAL_PWREx_EnableUSBVoltageDetector
                0x0000000008003a4c       0x20 ./Drivers/STM32H7xx_HAL_Driver/Src/stm32h7xx_hal_pwr_ex.o
                0x0000000008003a4c                HAL_PWREx_EnableUSBVoltageDetector
 .text.HAL_RCC_OscConfig
                0x0000000008003a6c      0x864 ./Drivers/STM32H7xx_HAL_Driver/Src/stm32h7xx_hal_rcc.o
                0x0000000008003a6c                HAL_RCC_OscConfig
 .text.HAL_RCC_ClockConfig
                0x00000000080042d0      0x36c ./Drivers/STM32H7xx_HAL_Driver/Src/stm32h7xx_hal_rcc.o
                0x00000000080042d0                HAL_RCC_ClockConfig
 .text.HAL_RCC_GetSysClockFreq
                0x000000000800463c      0x2f4 ./Drivers/STM32H7xx_HAL_Driver/Src/stm32h7xx_hal_rcc.o
                0x000000000800463c                HAL_RCC_GetSysClockFreq
 .text.HAL_RCC_GetHCLKFreq
                0x0000000008004930       0x60 ./Drivers/STM32H7xx_HAL_Driver/Src/stm32h7xx_hal_rcc.o
                0x0000000008004930                HAL_RCC_GetHCLKFreq
 .text.HAL_RCC_GetPCLK1Freq
                0x0000000008004990       0x2c ./Drivers/STM32H7xx_HAL_Driver/Src/stm32h7xx_hal_rcc.o
                0x0000000008004990                HAL_RCC_GetPCLK1Freq
 .text.HAL_RCC_GetPCLK2Freq
                0x00000000080049bc       0x2c ./Drivers/STM32H7xx_HAL_Driver/Src/stm32h7xx_hal_rcc.o
                0x00000000080049bc                HAL_RCC_GetPCLK2Freq
 .text.HAL_RCCEx_PeriphCLKConfig
                0x00000000080049e8     0x137c ./Drivers/STM32H7xx_HAL_Driver/Src/stm32h7xx_hal_rcc_ex.o
                0x00000000080049e8                HAL_RCCEx_PeriphCLKConfig
 .text.HAL_RCCEx_GetD3PCLK1Freq
                0x0000000008005d64       0x2c ./Drivers/STM32H7xx_HAL_Driver/Src/stm32h7xx_hal_rcc_ex.o
                0x0000000008005d64                HAL_RCCEx_GetD3PCLK1Freq
 .text.HAL_RCCEx_GetPLL2ClockFreq
                0x0000000008005d90      0x2a8 ./Drivers/STM32H7xx_HAL_Driver/Src/stm32h7xx_hal_rcc_ex.o
                0x0000000008005d90                HAL_RCCEx_GetPLL2ClockFreq
 .text.HAL_RCCEx_GetPLL3ClockFreq
                0x0000000008006038      0x2a8 ./Drivers/STM32H7xx_HAL_Driver/Src/stm32h7xx_hal_rcc_ex.o
                0x0000000008006038                HAL_RCCEx_GetPLL3ClockFreq
 .text.RCCEx_PLL2_Config
                0x00000000080062e0      0x164 ./Drivers/STM32H7xx_HAL_Driver/Src/stm32h7xx_hal_rcc_ex.o
 .text.RCCEx_PLL3_Config
                0x0000000008006444      0x164 ./Drivers/STM32H7xx_HAL_Driver/Src/stm32h7xx_hal_rcc_ex.o
 .text.HAL_TIM_Base_Init
                0x00000000080065a8       0xae ./Drivers/STM32H7xx_HAL_Driver/Src/stm32h7xx_hal_tim.o
                0x00000000080065a8                HAL_TIM_Base_Init
 *fill*         0x0000000008006656        0x2 
 .text.HAL_TIM_Base_Start_IT
                0x0000000008006658       0xf0 ./Drivers/STM32H7xx_HAL_Driver/Src/stm32h7xx_hal_tim.o
                0x0000000008006658                HAL_TIM_Base_Start_IT
 .text.HAL_TIM_PWM_Init
                0x0000000008006748       0xae ./Drivers/STM32H7xx_HAL_Driver/Src/stm32h7xx_hal_tim.o
                0x0000000008006748                HAL_TIM_PWM_Init
 *fill*         0x00000000080067f6        0x2 
 .text.HAL_TIM_PWM_Start
                0x00000000080067f8      0x21c ./Drivers/STM32H7xx_HAL_Driver/Src/stm32h7xx_hal_tim.o
                0x00000000080067f8                HAL_TIM_PWM_Start
 .text.HAL_TIM_IRQHandler
                0x0000000008006a14      0x23e ./Drivers/STM32H7xx_HAL_Driver/Src/stm32h7xx_hal_tim.o
                0x0000000008006a14                HAL_TIM_IRQHandler
 *fill*         0x0000000008006c52        0x2 
 .text.HAL_TIM_PWM_ConfigChannel
                0x0000000008006c54      0x228 ./Drivers/STM32H7xx_HAL_Driver/Src/stm32h7xx_hal_tim.o
                0x0000000008006c54                HAL_TIM_PWM_ConfigChannel
 .text.HAL_TIM_ConfigClockSource
                0x0000000008006e7c      0x1f0 ./Drivers/STM32H7xx_HAL_Driver/Src/stm32h7xx_hal_tim.o
                0x0000000008006e7c                HAL_TIM_ConfigClockSource
 .text.HAL_TIM_OC_DelayElapsedCallback
                0x000000000800706c       0x14 ./Drivers/STM32H7xx_HAL_Driver/Src/stm32h7xx_hal_tim.o
                0x000000000800706c                HAL_TIM_OC_DelayElapsedCallback
 .text.HAL_TIM_IC_CaptureCallback
                0x0000000008007080       0x14 ./Drivers/STM32H7xx_HAL_Driver/Src/stm32h7xx_hal_tim.o
                0x0000000008007080                HAL_TIM_IC_CaptureCallback
 .text.HAL_TIM_PWM_PulseFinishedCallback
                0x0000000008007094       0x14 ./Drivers/STM32H7xx_HAL_Driver/Src/stm32h7xx_hal_tim.o
                0x0000000008007094                HAL_TIM_PWM_PulseFinishedCallback
 .text.HAL_TIM_TriggerCallback
                0x00000000080070a8       0x14 ./Drivers/STM32H7xx_HAL_Driver/Src/stm32h7xx_hal_tim.o
                0x00000000080070a8                HAL_TIM_TriggerCallback
 .text.TIM_Base_SetConfig
                0x00000000080070bc      0x134 ./Drivers/STM32H7xx_HAL_Driver/Src/stm32h7xx_hal_tim.o
                0x00000000080070bc                TIM_Base_SetConfig
 .text.TIM_OC1_SetConfig
                0x00000000080071f0      0x120 ./Drivers/STM32H7xx_HAL_Driver/Src/stm32h7xx_hal_tim.o
 .text.TIM_OC2_SetConfig
                0x0000000008007310      0x114 ./Drivers/STM32H7xx_HAL_Driver/Src/stm32h7xx_hal_tim.o
                0x0000000008007310                TIM_OC2_SetConfig
 .text.TIM_OC3_SetConfig
                0x0000000008007424      0x110 ./Drivers/STM32H7xx_HAL_Driver/Src/stm32h7xx_hal_tim.o
 .text.TIM_OC4_SetConfig
                0x0000000008007534       0xd4 ./Drivers/STM32H7xx_HAL_Driver/Src/stm32h7xx_hal_tim.o
 .text.TIM_OC5_SetConfig
                0x0000000008007608       0xc8 ./Drivers/STM32H7xx_HAL_Driver/Src/stm32h7xx_hal_tim.o
 .text.TIM_OC6_SetConfig
                0x00000000080076d0       0xcc ./Drivers/STM32H7xx_HAL_Driver/Src/stm32h7xx_hal_tim.o
 .text.TIM_TI1_ConfigInputStage
                0x000000000800779c       0x5e ./Drivers/STM32H7xx_HAL_Driver/Src/stm32h7xx_hal_tim.o
 .text.TIM_TI2_ConfigInputStage
                0x00000000080077fa       0x60 ./Drivers/STM32H7xx_HAL_Driver/Src/stm32h7xx_hal_tim.o
 *fill*         0x000000000800785a        0x2 
 .text.TIM_ITRx_SetConfig
                0x000000000800785c       0x3c ./Drivers/STM32H7xx_HAL_Driver/Src/stm32h7xx_hal_tim.o
 .text.TIM_ETR_SetConfig
                0x0000000008007898       0x40 ./Drivers/STM32H7xx_HAL_Driver/Src/stm32h7xx_hal_tim.o
                0x0000000008007898                TIM_ETR_SetConfig
 .text.TIM_CCxChannelCmd
                0x00000000080078d8       0x4a ./Drivers/STM32H7xx_HAL_Driver/Src/stm32h7xx_hal_tim.o
                0x00000000080078d8                TIM_CCxChannelCmd
 *fill*         0x0000000008007922        0x2 
 .text.HAL_TIMEx_MasterConfigSynchronization
                0x0000000008007924      0x11c ./Drivers/STM32H7xx_HAL_Driver/Src/stm32h7xx_hal_tim_ex.o
                0x0000000008007924                HAL_TIMEx_MasterConfigSynchronization
 .text.HAL_TIMEx_CommutCallback
                0x0000000008007a40       0x14 ./Drivers/STM32H7xx_HAL_Driver/Src/stm32h7xx_hal_tim_ex.o
                0x0000000008007a40                HAL_TIMEx_CommutCallback
 .text.HAL_TIMEx_BreakCallback
                0x0000000008007a54       0x14 ./Drivers/STM32H7xx_HAL_Driver/Src/stm32h7xx_hal_tim_ex.o
                0x0000000008007a54                HAL_TIMEx_BreakCallback
 .text.HAL_TIMEx_Break2Callback
                0x0000000008007a68       0x14 ./Drivers/STM32H7xx_HAL_Driver/Src/stm32h7xx_hal_tim_ex.o
                0x0000000008007a68                HAL_TIMEx_Break2Callback
 .text.HAL_UART_Init
                0x0000000008007a7c       0xa0 ./Drivers/STM32H7xx_HAL_Driver/Src/stm32h7xx_hal_uart.o
                0x0000000008007a7c                HAL_UART_Init
 .text.HAL_UART_Transmit
                0x0000000008007b1c      0x11c ./Drivers/STM32H7xx_HAL_Driver/Src/stm32h7xx_hal_uart.o
                0x0000000008007b1c                HAL_UART_Transmit
 .text.HAL_UART_Receive_IT
                0x0000000008007c38       0x98 ./Drivers/STM32H7xx_HAL_Driver/Src/stm32h7xx_hal_uart.o
                0x0000000008007c38                HAL_UART_Receive_IT
 .text.HAL_UART_IRQHandler
                0x0000000008007cd0      0x774 ./Drivers/STM32H7xx_HAL_Driver/Src/stm32h7xx_hal_uart.o
                0x0000000008007cd0                HAL_UART_IRQHandler
 .text.HAL_UART_TxCpltCallback
                0x0000000008008444       0x14 ./Drivers/STM32H7xx_HAL_Driver/Src/stm32h7xx_hal_uart.o
                0x0000000008008444                HAL_UART_TxCpltCallback
 .text.HAL_UART_ErrorCallback
                0x0000000008008458       0x14 ./Drivers/STM32H7xx_HAL_Driver/Src/stm32h7xx_hal_uart.o
                0x0000000008008458                HAL_UART_ErrorCallback
 .text.HAL_UARTEx_RxEventCallback
                0x000000000800846c       0x18 ./Drivers/STM32H7xx_HAL_Driver/Src/stm32h7xx_hal_uart.o
                0x000000000800846c                HAL_UARTEx_RxEventCallback
 .text.UART_SetConfig
                0x0000000008008484      0xcd8 ./Drivers/STM32H7xx_HAL_Driver/Src/stm32h7xx_hal_uart.o
                0x0000000008008484                UART_SetConfig
 .text.UART_AdvFeatureConfig
                0x000000000800915c      0x144 ./Drivers/STM32H7xx_HAL_Driver/Src/stm32h7xx_hal_uart.o
                0x000000000800915c                UART_AdvFeatureConfig
 .text.UART_CheckIdleState
                0x00000000080092a0      0x154 ./Drivers/STM32H7xx_HAL_Driver/Src/stm32h7xx_hal_uart.o
                0x00000000080092a0                UART_CheckIdleState
 .text.UART_WaitOnFlagUntilTimeout
                0x00000000080093f4       0xce ./Drivers/STM32H7xx_HAL_Driver/Src/stm32h7xx_hal_uart.o
                0x00000000080093f4                UART_WaitOnFlagUntilTimeout
 *fill*         0x00000000080094c2        0x2 
 .text.UART_Start_Receive_IT
                0x00000000080094c4      0x244 ./Drivers/STM32H7xx_HAL_Driver/Src/stm32h7xx_hal_uart.o
                0x00000000080094c4                UART_Start_Receive_IT
 .text.UART_EndRxTransfer
                0x0000000008009708       0xcc ./Drivers/STM32H7xx_HAL_Driver/Src/stm32h7xx_hal_uart.o
 .text.UART_DMAAbortOnError
                0x00000000080097d4       0x2c ./Drivers/STM32H7xx_HAL_Driver/Src/stm32h7xx_hal_uart.o
 .text.UART_EndTransmit_IT
                0x0000000008009800       0x56 ./Drivers/STM32H7xx_HAL_Driver/Src/stm32h7xx_hal_uart.o
 *fill*         0x0000000008009856        0x2 
 .text.UART_RxISR_8BIT
                0x0000000008009858      0x1b8 ./Drivers/STM32H7xx_HAL_Driver/Src/stm32h7xx_hal_uart.o
 .text.UART_RxISR_16BIT
                0x0000000008009a10      0x1b8 ./Drivers/STM32H7xx_HAL_Driver/Src/stm32h7xx_hal_uart.o
 .text.UART_RxISR_8BIT_FIFOEN
                0x0000000008009bc8      0x360 ./Drivers/STM32H7xx_HAL_Driver/Src/stm32h7xx_hal_uart.o
 .text.UART_RxISR_16BIT_FIFOEN
                0x0000000008009f28      0x368 ./Drivers/STM32H7xx_HAL_Driver/Src/stm32h7xx_hal_uart.o
 .text.HAL_UARTEx_WakeupCallback
                0x000000000800a290       0x14 ./Drivers/STM32H7xx_HAL_Driver/Src/stm32h7xx_hal_uart_ex.o
                0x000000000800a290                HAL_UARTEx_WakeupCallback
 .text.HAL_UARTEx_RxFifoFullCallback
                0x000000000800a2a4       0x14 ./Drivers/STM32H7xx_HAL_Driver/Src/stm32h7xx_hal_uart_ex.o
                0x000000000800a2a4                HAL_UARTEx_RxFifoFullCallback
 .text.HAL_UARTEx_TxFifoEmptyCallback
                0x000000000800a2b8       0x14 ./Drivers/STM32H7xx_HAL_Driver/Src/stm32h7xx_hal_uart_ex.o
                0x000000000800a2b8                HAL_UARTEx_TxFifoEmptyCallback
 .text.HAL_UARTEx_DisableFifoMode
                0x000000000800a2cc       0x72 ./Drivers/STM32H7xx_HAL_Driver/Src/stm32h7xx_hal_uart_ex.o
                0x000000000800a2cc                HAL_UARTEx_DisableFifoMode
 .text.HAL_UARTEx_SetTxFifoThreshold
                0x000000000800a33e       0x7c ./Drivers/STM32H7xx_HAL_Driver/Src/stm32h7xx_hal_uart_ex.o
                0x000000000800a33e                HAL_UARTEx_SetTxFifoThreshold
 .text.HAL_UARTEx_SetRxFifoThreshold
                0x000000000800a3ba       0x7c ./Drivers/STM32H7xx_HAL_Driver/Src/stm32h7xx_hal_uart_ex.o
                0x000000000800a3ba                HAL_UARTEx_SetRxFifoThreshold
 *fill*         0x000000000800a436        0x2 
 .text.UARTEx_SetNbDataToProcess
                0x000000000800a438       0x9c ./Drivers/STM32H7xx_HAL_Driver/Src/stm32h7xx_hal_uart_ex.o
 .text.USB_CoreInit
                0x000000000800a4d4       0xdc ./Drivers/STM32H7xx_HAL_Driver/Src/stm32h7xx_ll_usb.o
                0x000000000800a4d4                USB_CoreInit
 .text.USB_SetTurnaroundTime
                0x000000000800a5b0      0x144 ./Drivers/STM32H7xx_HAL_Driver/Src/stm32h7xx_ll_usb.o
                0x000000000800a5b0                USB_SetTurnaroundTime
 .text.USB_EnableGlobalInt
                0x000000000800a6f4       0x22 ./Drivers/STM32H7xx_HAL_Driver/Src/stm32h7xx_ll_usb.o
                0x000000000800a6f4                USB_EnableGlobalInt
 .text.USB_DisableGlobalInt
                0x000000000800a716       0x22 ./Drivers/STM32H7xx_HAL_Driver/Src/stm32h7xx_ll_usb.o
                0x000000000800a716                USB_DisableGlobalInt
 .text.USB_SetCurrentMode
                0x000000000800a738       0x98 ./Drivers/STM32H7xx_HAL_Driver/Src/stm32h7xx_ll_usb.o
                0x000000000800a738                USB_SetCurrentMode
 .text.USB_DevInit
                0x000000000800a7d0      0x2bc ./Drivers/STM32H7xx_HAL_Driver/Src/stm32h7xx_ll_usb.o
                0x000000000800a7d0                USB_DevInit
 .text.USB_FlushTxFifo
                0x000000000800aa8c       0x68 ./Drivers/STM32H7xx_HAL_Driver/Src/stm32h7xx_ll_usb.o
                0x000000000800aa8c                USB_FlushTxFifo
 .text.USB_FlushRxFifo
                0x000000000800aaf4       0x60 ./Drivers/STM32H7xx_HAL_Driver/Src/stm32h7xx_ll_usb.o
                0x000000000800aaf4                USB_FlushRxFifo
 .text.USB_SetDevSpeed
                0x000000000800ab54       0x32 ./Drivers/STM32H7xx_HAL_Driver/Src/stm32h7xx_ll_usb.o
                0x000000000800ab54                USB_SetDevSpeed
 .text.USB_GetDevSpeed
                0x000000000800ab86       0x4a ./Drivers/STM32H7xx_HAL_Driver/Src/stm32h7xx_ll_usb.o
                0x000000000800ab86                USB_GetDevSpeed
 .text.USB_ActivateEndpoint
                0x000000000800abd0      0x110 ./Drivers/STM32H7xx_HAL_Driver/Src/stm32h7xx_ll_usb.o
                0x000000000800abd0                USB_ActivateEndpoint
 .text.USB_DeactivateEndpoint
                0x000000000800ace0      0x1b8 ./Drivers/STM32H7xx_HAL_Driver/Src/stm32h7xx_ll_usb.o
                0x000000000800ace0                USB_DeactivateEndpoint
 .text.USB_EPStartXfer
                0x000000000800ae98      0x540 ./Drivers/STM32H7xx_HAL_Driver/Src/stm32h7xx_ll_usb.o
                0x000000000800ae98                USB_EPStartXfer
 .text.USB_EPStopXfer
                0x000000000800b3d8      0x154 ./Drivers/STM32H7xx_HAL_Driver/Src/stm32h7xx_ll_usb.o
                0x000000000800b3d8                USB_EPStopXfer
 .text.USB_WritePacket
                0x000000000800b52c       0x7c ./Drivers/STM32H7xx_HAL_Driver/Src/stm32h7xx_ll_usb.o
                0x000000000800b52c                USB_WritePacket
 .text.USB_ReadPacket
                0x000000000800b5a8       0xb0 ./Drivers/STM32H7xx_HAL_Driver/Src/stm32h7xx_ll_usb.o
                0x000000000800b5a8                USB_ReadPacket
 .text.USB_EPSetStall
                0x000000000800b658       0xdc ./Drivers/STM32H7xx_HAL_Driver/Src/stm32h7xx_ll_usb.o
                0x000000000800b658                USB_EPSetStall
 .text.USB_EPClearStall
                0x000000000800b734       0xcc ./Drivers/STM32H7xx_HAL_Driver/Src/stm32h7xx_ll_usb.o
                0x000000000800b734                USB_EPClearStall
 .text.USB_SetDevAddress
                0x000000000800b800       0x4c ./Drivers/STM32H7xx_HAL_Driver/Src/stm32h7xx_ll_usb.o
                0x000000000800b800                USB_SetDevAddress
 .text.USB_DevConnect
                0x000000000800b84c       0x42 ./Drivers/STM32H7xx_HAL_Driver/Src/stm32h7xx_ll_usb.o
                0x000000000800b84c                USB_DevConnect
 .text.USB_DevDisconnect
                0x000000000800b88e       0x42 ./Drivers/STM32H7xx_HAL_Driver/Src/stm32h7xx_ll_usb.o
                0x000000000800b88e                USB_DevDisconnect
 .text.USB_ReadInterrupts
                0x000000000800b8d0       0x26 ./Drivers/STM32H7xx_HAL_Driver/Src/stm32h7xx_ll_usb.o
                0x000000000800b8d0                USB_ReadInterrupts
 .text.USB_ReadDevAllOutEpInterrupt
                0x000000000800b8f6       0x34 ./Drivers/STM32H7xx_HAL_Driver/Src/stm32h7xx_ll_usb.o
                0x000000000800b8f6                USB_ReadDevAllOutEpInterrupt
 .text.USB_ReadDevAllInEpInterrupt
                0x000000000800b92a       0x34 ./Drivers/STM32H7xx_HAL_Driver/Src/stm32h7xx_ll_usb.o
                0x000000000800b92a                USB_ReadDevAllInEpInterrupt
 .text.USB_ReadDevOutEPInterrupt
                0x000000000800b95e       0x3c ./Drivers/STM32H7xx_HAL_Driver/Src/stm32h7xx_ll_usb.o
                0x000000000800b95e                USB_ReadDevOutEPInterrupt
 .text.USB_ReadDevInEPInterrupt
                0x000000000800b99a       0x5c ./Drivers/STM32H7xx_HAL_Driver/Src/stm32h7xx_ll_usb.o
                0x000000000800b99a                USB_ReadDevInEPInterrupt
 .text.USB_GetMode
                0x000000000800b9f6       0x1c ./Drivers/STM32H7xx_HAL_Driver/Src/stm32h7xx_ll_usb.o
                0x000000000800b9f6                USB_GetMode
 *fill*         0x000000000800ba12        0x2 
 .text.USB_ActivateSetup
                0x000000000800ba14       0x48 ./Drivers/STM32H7xx_HAL_Driver/Src/stm32h7xx_ll_usb.o
                0x000000000800ba14                USB_ActivateSetup
 .text.USB_EP0_OutStart
                0x000000000800ba5c       0xbc ./Drivers/STM32H7xx_HAL_Driver/Src/stm32h7xx_ll_usb.o
                0x000000000800ba5c                USB_EP0_OutStart
 .text.USB_CoreReset
                0x000000000800bb18       0x68 ./Drivers/STM32H7xx_HAL_Driver/Src/stm32h7xx_ll_usb.o
 .text.USBD_CDC_Init
                0x000000000800bb80      0x1f0 ./Middlewares/ST/STM32_USB_Device_Library/Class/MIDI/Src/usbd_midi.o
 .text.USBD_CDC_DeInit
                0x000000000800bd70      0x104 ./Middlewares/ST/STM32_USB_Device_Library/Class/MIDI/Src/usbd_midi.o
 .text.USBD_CDC_Setup
                0x000000000800be74      0x1b8 ./Middlewares/ST/STM32_USB_Device_Library/Class/MIDI/Src/usbd_midi.o
 .text.USBD_CDC_DataIn
                0x000000000800c02c       0xfe ./Middlewares/ST/STM32_USB_Device_Library/Class/MIDI/Src/usbd_midi.o
 .text.USBD_CDC_DataOut
                0x000000000800c12a       0x70 ./Middlewares/ST/STM32_USB_Device_Library/Class/MIDI/Src/usbd_midi.o
 .text.USBD_CDC_EP0_RxReady
                0x000000000800c19a       0x76 ./Middlewares/ST/STM32_USB_Device_Library/Class/MIDI/Src/usbd_midi.o
 .text.USBD_CDC_GetFSCfgDesc
                0x000000000800c210       0x70 ./Middlewares/ST/STM32_USB_Device_Library/Class/MIDI/Src/usbd_midi.o
 .text.USBD_CDC_GetHSCfgDesc
                0x000000000800c280       0x70 ./Middlewares/ST/STM32_USB_Device_Library/Class/MIDI/Src/usbd_midi.o
 .text.USBD_CDC_GetOtherSpeedCfgDesc
                0x000000000800c2f0       0x70 ./Middlewares/ST/STM32_USB_Device_Library/Class/MIDI/Src/usbd_midi.o
 .text.USBD_CDC_GetDeviceQualifierDescriptor
                0x000000000800c360       0x20 ./Middlewares/ST/STM32_USB_Device_Library/Class/MIDI/Src/usbd_midi.o
                0x000000000800c360                USBD_CDC_GetDeviceQualifierDescriptor
 .text.USBD_CDC_RegisterInterface
                0x000000000800c380       0x34 ./Middlewares/ST/STM32_USB_Device_Library/Class/MIDI/Src/usbd_midi.o
                0x000000000800c380                USBD_CDC_RegisterInterface
 .text.USBD_CDC_SetTxBuffer
                0x000000000800c3b4       0x44 ./Middlewares/ST/STM32_USB_Device_Library/Class/MIDI/Src/usbd_midi.o
                0x000000000800c3b4                USBD_CDC_SetTxBuffer
 .text.USBD_CDC_SetRxBuffer
                0x000000000800c3f8       0x3a ./Middlewares/ST/STM32_USB_Device_Library/Class/MIDI/Src/usbd_midi.o
                0x000000000800c3f8                USBD_CDC_SetRxBuffer
 *fill*         0x000000000800c432        0x2 
 .text.USBD_CDC_ReceivePacket
                0x000000000800c434       0x6c ./Middlewares/ST/STM32_USB_Device_Library/Class/MIDI/Src/usbd_midi.o
                0x000000000800c434                USBD_CDC_ReceivePacket
 .text.USBD_Init
                0x000000000800c4a0       0x60 ./Middlewares/ST/STM32_USB_Device_Library/Core/Src/usbd_core.o
                0x000000000800c4a0                USBD_Init
 .text.USBD_RegisterClass
                0x000000000800c500       0x6c ./Middlewares/ST/STM32_USB_Device_Library/Core/Src/usbd_core.o
                0x000000000800c500                USBD_RegisterClass
 .text.USBD_Start
                0x000000000800c56c       0x18 ./Middlewares/ST/STM32_USB_Device_Library/Core/Src/usbd_core.o
                0x000000000800c56c                USBD_Start
 .text.USBD_RunTestMode
                0x000000000800c584       0x16 ./Middlewares/ST/STM32_USB_Device_Library/Core/Src/usbd_core.o
                0x000000000800c584                USBD_RunTestMode
 .text.USBD_SetClassConfig
                0x000000000800c59a       0x38 ./Middlewares/ST/STM32_USB_Device_Library/Core/Src/usbd_core.o
                0x000000000800c59a                USBD_SetClassConfig
 .text.USBD_ClrClassConfig
                0x000000000800c5d2       0x34 ./Middlewares/ST/STM32_USB_Device_Library/Core/Src/usbd_core.o
                0x000000000800c5d2                USBD_ClrClassConfig
 .text.USBD_LL_SetupStage
                0x000000000800c606       0xaa ./Middlewares/ST/STM32_USB_Device_Library/Core/Src/usbd_core.o
                0x000000000800c606                USBD_LL_SetupStage
 .text.USBD_LL_DataOutStage
                0x000000000800c6b0      0x166 ./Middlewares/ST/STM32_USB_Device_Library/Core/Src/usbd_core.o
                0x000000000800c6b0                USBD_LL_DataOutStage
 .text.USBD_LL_DataInStage
                0x000000000800c816      0x164 ./Middlewares/ST/STM32_USB_Device_Library/Core/Src/usbd_core.o
                0x000000000800c816                USBD_LL_DataInStage
 .text.USBD_LL_Reset
                0x000000000800c97a       0xa4 ./Middlewares/ST/STM32_USB_Device_Library/Core/Src/usbd_core.o
                0x000000000800c97a                USBD_LL_Reset
 .text.USBD_LL_SetSpeed
                0x000000000800ca1e       0x20 ./Middlewares/ST/STM32_USB_Device_Library/Core/Src/usbd_core.o
                0x000000000800ca1e                USBD_LL_SetSpeed
 .text.USBD_LL_Suspend
                0x000000000800ca3e       0x38 ./Middlewares/ST/STM32_USB_Device_Library/Core/Src/usbd_core.o
                0x000000000800ca3e                USBD_LL_Suspend
 .text.USBD_LL_Resume
                0x000000000800ca76       0x30 ./Middlewares/ST/STM32_USB_Device_Library/Core/Src/usbd_core.o
                0x000000000800ca76                USBD_LL_Resume
 .text.USBD_LL_SOF
                0x000000000800caa6       0x40 ./Middlewares/ST/STM32_USB_Device_Library/Core/Src/usbd_core.o
                0x000000000800caa6                USBD_LL_SOF
 .text.USBD_LL_IsoINIncomplete
                0x000000000800cae6       0x64 ./Middlewares/ST/STM32_USB_Device_Library/Core/Src/usbd_core.o
                0x000000000800cae6                USBD_LL_IsoINIncomplete
 .text.USBD_LL_IsoOUTIncomplete
                0x000000000800cb4a       0x64 ./Middlewares/ST/STM32_USB_Device_Library/Core/Src/usbd_core.o
                0x000000000800cb4a                USBD_LL_IsoOUTIncomplete
 .text.USBD_LL_DevConnected
                0x000000000800cbae       0x16 ./Middlewares/ST/STM32_USB_Device_Library/Core/Src/usbd_core.o
                0x000000000800cbae                USBD_LL_DevConnected
 .text.USBD_LL_DevDisconnected
                0x000000000800cbc4       0x46 ./Middlewares/ST/STM32_USB_Device_Library/Core/Src/usbd_core.o
                0x000000000800cbc4                USBD_LL_DevDisconnected
 .text.USBD_CoreFindIF
                0x000000000800cc0a       0x1a ./Middlewares/ST/STM32_USB_Device_Library/Core/Src/usbd_core.o
                0x000000000800cc0a                USBD_CoreFindIF
 .text.USBD_CoreFindEP
                0x000000000800cc24       0x1a ./Middlewares/ST/STM32_USB_Device_Library/Core/Src/usbd_core.o
                0x000000000800cc24                USBD_CoreFindEP
 .text.USBD_GetEpDesc
                0x000000000800cc3e       0x74 ./Middlewares/ST/STM32_USB_Device_Library/Core/Src/usbd_core.o
                0x000000000800cc3e                USBD_GetEpDesc
 .text.USBD_GetNextDesc
                0x000000000800ccb2       0x3a ./Middlewares/ST/STM32_USB_Device_Library/Core/Src/usbd_core.o
                0x000000000800ccb2                USBD_GetNextDesc
 .text.SWAPBYTE
                0x000000000800ccec       0x3c ./Middlewares/ST/STM32_USB_Device_Library/Core/Src/usbd_ctlreq.o
 .text.USBD_StdDevReq
                0x000000000800cd28       0xe4 ./Middlewares/ST/STM32_USB_Device_Library/Core/Src/usbd_ctlreq.o
                0x000000000800cd28                USBD_StdDevReq
 .text.USBD_StdItfReq
                0x000000000800ce0c       0xd8 ./Middlewares/ST/STM32_USB_Device_Library/Core/Src/usbd_ctlreq.o
                0x000000000800ce0c                USBD_StdItfReq
 .text.USBD_StdEPReq
                0x000000000800cee4      0x33a ./Middlewares/ST/STM32_USB_Device_Library/Core/Src/usbd_ctlreq.o
                0x000000000800cee4                USBD_StdEPReq
 *fill*         0x000000000800d21e        0x2 
 .text.USBD_GetDescriptor
                0x000000000800d220      0x2d4 ./Middlewares/ST/STM32_USB_Device_Library/Core/Src/usbd_ctlreq.o
 .text.USBD_SetAddress
                0x000000000800d4f4       0x88 ./Middlewares/ST/STM32_USB_Device_Library/Core/Src/usbd_ctlreq.o
 .text.USBD_SetConfig
                0x000000000800d57c      0x154 ./Middlewares/ST/STM32_USB_Device_Library/Core/Src/usbd_ctlreq.o
 .text.USBD_GetConfig
                0x000000000800d6d0       0x6c ./Middlewares/ST/STM32_USB_Device_Library/Core/Src/usbd_ctlreq.o
 .text.USBD_GetStatus
                0x000000000800d73c       0x68 ./Middlewares/ST/STM32_USB_Device_Library/Core/Src/usbd_ctlreq.o
 .text.USBD_SetFeature
                0x000000000800d7a4       0x52 ./Middlewares/ST/STM32_USB_Device_Library/Core/Src/usbd_ctlreq.o
 .text.USBD_ClrFeature
                0x000000000800d7f6       0x44 ./Middlewares/ST/STM32_USB_Device_Library/Core/Src/usbd_ctlreq.o
 .text.USBD_ParseSetupRequest
                0x000000000800d83a       0x74 ./Middlewares/ST/STM32_USB_Device_Library/Core/Src/usbd_ctlreq.o
                0x000000000800d83a                USBD_ParseSetupRequest
 .text.USBD_CtlError
                0x000000000800d8ae       0x22 ./Middlewares/ST/STM32_USB_Device_Library/Core/Src/usbd_ctlreq.o
                0x000000000800d8ae                USBD_CtlError
 .text.USBD_GetString
                0x000000000800d8d0       0x8c ./Middlewares/ST/STM32_USB_Device_Library/Core/Src/usbd_ctlreq.o
                0x000000000800d8d0                USBD_GetString
 .text.USBD_GetLen
                0x000000000800d95c       0x34 ./Middlewares/ST/STM32_USB_Device_Library/Core/Src/usbd_ctlreq.o
 .text.USBD_CtlSendData
                0x000000000800d990       0x36 ./Middlewares/ST/STM32_USB_Device_Library/Core/Src/usbd_ioreq.o
                0x000000000800d990                USBD_CtlSendData
 .text.USBD_CtlContinueSendData
                0x000000000800d9c6       0x22 ./Middlewares/ST/STM32_USB_Device_Library/Core/Src/usbd_ioreq.o
                0x000000000800d9c6                USBD_CtlContinueSendData
 .text.USBD_CtlPrepareRx
                0x000000000800d9e8       0x3a ./Middlewares/ST/STM32_USB_Device_Library/Core/Src/usbd_ioreq.o
                0x000000000800d9e8                USBD_CtlPrepareRx
 .text.USBD_CtlContinueRx
                0x000000000800da22       0x22 ./Middlewares/ST/STM32_USB_Device_Library/Core/Src/usbd_ioreq.o
                0x000000000800da22                USBD_CtlContinueRx
 .text.USBD_CtlSendStatus
                0x000000000800da44       0x26 ./Middlewares/ST/STM32_USB_Device_Library/Core/Src/usbd_ioreq.o
                0x000000000800da44                USBD_CtlSendStatus
 .text.USBD_CtlReceiveStatus
                0x000000000800da6a       0x26 ./Middlewares/ST/STM32_USB_Device_Library/Core/Src/usbd_ioreq.o
                0x000000000800da6a                USBD_CtlReceiveStatus
 .text.MX_USB_DEVICE_Init
                0x000000000800da90       0xa0 ./USB_DEVICE/App/usb_device.o
                0x000000000800da90                MX_USB_DEVICE_Init
 .text.USBD_HS_DeviceDescriptor
                0x000000000800db30       0x24 ./USB_DEVICE/App/usbd_desc_midi.o
                0x000000000800db30                USBD_HS_DeviceDescriptor
 .text.USBD_HS_LangIDStrDescriptor
                0x000000000800db54       0x24 ./USB_DEVICE/App/usbd_desc_midi.o
                0x000000000800db54                USBD_HS_LangIDStrDescriptor
 .text.USBD_HS_ProductStrDescriptor
                0x000000000800db78       0x3c ./USB_DEVICE/App/usbd_desc_midi.o
                0x000000000800db78                USBD_HS_ProductStrDescriptor
 .text.USBD_HS_ManufacturerStrDescriptor
                0x000000000800dbb4       0x28 ./USB_DEVICE/App/usbd_desc_midi.o
                0x000000000800dbb4                USBD_HS_ManufacturerStrDescriptor
 .text.USBD_HS_SerialStrDescriptor
                0x000000000800dbdc       0x24 ./USB_DEVICE/App/usbd_desc_midi.o
                0x000000000800dbdc                USBD_HS_SerialStrDescriptor
 .text.USBD_HS_ConfigStrDescriptor
                0x000000000800dc00       0x3c ./USB_DEVICE/App/usbd_desc_midi.o
                0x000000000800dc00                USBD_HS_ConfigStrDescriptor
 .text.USBD_HS_InterfaceStrDescriptor
                0x000000000800dc3c       0x3c ./USB_DEVICE/App/usbd_desc_midi.o
                0x000000000800dc3c                USBD_HS_InterfaceStrDescriptor
 .text.Get_SerialNum
                0x000000000800dc78       0x58 ./USB_DEVICE/App/usbd_desc_midi.o
 .text.IntToUnicode
                0x000000000800dcd0       0x7e ./USB_DEVICE/App/usbd_desc_midi.o
 *fill*         0x000000000800dd4e        0x2 
 .text.CDC_Init_HS
                0x000000000800dd50       0x28 ./USB_DEVICE/App/usbd_midi_if.o
 .text.CDC_DeInit_HS
                0x000000000800dd78       0x10 ./USB_DEVICE/App/usbd_midi_if.o
 .text.CDC_Control_HS
                0x000000000800dd88       0xbc ./USB_DEVICE/App/usbd_midi_if.o
 .text.CDC_Receive_HS
                0x000000000800de44       0xb0 ./USB_DEVICE/App/usbd_midi_if.o
 .text.CDC_TransmitCplt_HS
                0x000000000800def4       0x22 ./USB_DEVICE/App/usbd_midi_if.o
 *fill*         0x000000000800df16        0x2 
 .text.HAL_PCD_MspInit
                0x000000000800df18      0x130 ./USB_DEVICE/Target/usbd_conf_midi.o
                0x000000000800df18                HAL_PCD_MspInit
 .text.HAL_PCD_SetupStageCallback
                0x000000000800e048       0x24 ./USB_DEVICE/Target/usbd_conf_midi.o
                0x000000000800e048                HAL_PCD_SetupStageCallback
 .text.HAL_PCD_DataOutStageCallback
                0x000000000800e06c       0x36 ./USB_DEVICE/Target/usbd_conf_midi.o
                0x000000000800e06c                HAL_PCD_DataOutStageCallback
 .text.HAL_PCD_DataInStageCallback
                0x000000000800e0a2       0x34 ./USB_DEVICE/Target/usbd_conf_midi.o
                0x000000000800e0a2                HAL_PCD_DataInStageCallback
 .text.HAL_PCD_SOFCallback
                0x000000000800e0d6       0x1c ./USB_DEVICE/Target/usbd_conf_midi.o
                0x000000000800e0d6                HAL_PCD_SOFCallback
 .text.HAL_PCD_ResetCallback
                0x000000000800e0f2       0x50 ./USB_DEVICE/Target/usbd_conf_midi.o
                0x000000000800e0f2                HAL_PCD_ResetCallback
 *fill*         0x000000000800e142        0x2 
 .text.HAL_PCD_SuspendCallback
                0x000000000800e144       0x4c ./USB_DEVICE/Target/usbd_conf_midi.o
                0x000000000800e144                HAL_PCD_SuspendCallback
 .text.HAL_PCD_ResumeCallback
                0x000000000800e190       0x1c ./USB_DEVICE/Target/usbd_conf_midi.o
                0x000000000800e190                HAL_PCD_ResumeCallback
 .text.HAL_PCD_ISOOUTIncompleteCallback
                0x000000000800e1ac       0x24 ./USB_DEVICE/Target/usbd_conf_midi.o
                0x000000000800e1ac                HAL_PCD_ISOOUTIncompleteCallback
 .text.HAL_PCD_ISOINIncompleteCallback
                0x000000000800e1d0       0x24 ./USB_DEVICE/Target/usbd_conf_midi.o
                0x000000000800e1d0                HAL_PCD_ISOINIncompleteCallback
 .text.HAL_PCD_ConnectCallback
                0x000000000800e1f4       0x1c ./USB_DEVICE/Target/usbd_conf_midi.o
                0x000000000800e1f4                HAL_PCD_ConnectCallback
 .text.HAL_PCD_DisconnectCallback
                0x000000000800e210       0x1c ./USB_DEVICE/Target/usbd_conf_midi.o
                0x000000000800e210                HAL_PCD_DisconnectCallback
 .text.USBD_LL_Init
                0x000000000800e22c       0xa4 ./USB_DEVICE/Target/usbd_conf_midi.o
                0x000000000800e22c                USBD_LL_Init
 .text.USBD_LL_Start
                0x000000000800e2d0       0x36 ./USB_DEVICE/Target/usbd_conf_midi.o
                0x000000000800e2d0                USBD_LL_Start
 .text.USBD_LL_OpenEP
                0x000000000800e306       0x4c ./USB_DEVICE/Target/usbd_conf_midi.o
                0x000000000800e306                USBD_LL_OpenEP
 .text.USBD_LL_CloseEP
                0x000000000800e352       0x3e ./USB_DEVICE/Target/usbd_conf_midi.o
                0x000000000800e352                USBD_LL_CloseEP
 .text.USBD_LL_StallEP
                0x000000000800e390       0x3e ./USB_DEVICE/Target/usbd_conf_midi.o
                0x000000000800e390                USBD_LL_StallEP
 .text.USBD_LL_ClearStallEP
                0x000000000800e3ce       0x3e ./USB_DEVICE/Target/usbd_conf_midi.o
                0x000000000800e3ce                USBD_LL_ClearStallEP
 .text.USBD_LL_IsStallEP
                0x000000000800e40c       0x58 ./USB_DEVICE/Target/usbd_conf_midi.o
                0x000000000800e40c                USBD_LL_IsStallEP
 .text.USBD_LL_SetUSBAddress
                0x000000000800e464       0x3e ./USB_DEVICE/Target/usbd_conf_midi.o
                0x000000000800e464                USBD_LL_SetUSBAddress
 .text.USBD_LL_Transmit
                0x000000000800e4a2       0x42 ./USB_DEVICE/Target/usbd_conf_midi.o
                0x000000000800e4a2                USBD_LL_Transmit
 .text.USBD_LL_PrepareReceive
                0x000000000800e4e4       0x42 ./USB_DEVICE/Target/usbd_conf_midi.o
                0x000000000800e4e4                USBD_LL_PrepareReceive
 .text.USBD_LL_GetRxDataSize
                0x000000000800e526       0x26 ./USB_DEVICE/Target/usbd_conf_midi.o
                0x000000000800e526                USBD_LL_GetRxDataSize
 .text.USBD_static_malloc
                0x000000000800e54c       0x1c ./USB_DEVICE/Target/usbd_conf_midi.o
                0x000000000800e54c                USBD_static_malloc
 .text.USBD_static_free
                0x000000000800e568       0x14 ./USB_DEVICE/Target/usbd_conf_midi.o
                0x000000000800e568                USBD_static_free
 .text.USBD_Get_USB_Status
                0x000000000800e57c       0x58 ./USB_DEVICE/Target/usbd_conf_midi.o
                0x000000000800e57c                USBD_Get_USB_Status
 .text.__libc_init_array
                0x000000000800e5d4       0x48 /Applications/STM32CubeIDE.app/Contents/Eclipse/plugins/com.st.stm32cube.ide.mcu.externaltools.gnu-tools-for-stm32.10.3-2021.10.macos64_1.0.200.202301161003/tools/bin/../lib/gcc/arm-none-eabi/10.3.1/../../../../arm-none-eabi/lib/thumb/v7e-m+dp/hard/libc_nano.a(lib_a-init.o)
                0x000000000800e5d4                __libc_init_array
 .text.memset   0x000000000800e61c       0x10 /Applications/STM32CubeIDE.app/Contents/Eclipse/plugins/com.st.stm32cube.ide.mcu.externaltools.gnu-tools-for-stm32.10.3-2021.10.macos64_1.0.200.202301161003/tools/bin/../lib/gcc/arm-none-eabi/10.3.1/../../../../arm-none-eabi/lib/thumb/v7e-m+dp/hard/libc_nano.a(lib_a-memset.o)
                0x000000000800e61c                memset
 *(.glue_7)
 .glue_7        0x000000000800e62c        0x0 linker stubs
 *(.glue_7t)
 .glue_7t       0x000000000800e62c        0x0 linker stubs
 *(.eh_frame)
 .eh_frame      0x000000000800e62c        0x0 /Applications/STM32CubeIDE.app/Contents/Eclipse/plugins/com.st.stm32cube.ide.mcu.externaltools.gnu-tools-for-stm32.10.3-2021.10.macos64_1.0.200.202301161003/tools/bin/../lib/gcc/arm-none-eabi/10.3.1/thumb/v7e-m+dp/hard/crtbegin.o
 *(.init)
 .init          0x000000000800e62c        0x4 /Applications/STM32CubeIDE.app/Contents/Eclipse/plugins/com.st.stm32cube.ide.mcu.externaltools.gnu-tools-for-stm32.10.3-2021.10.macos64_1.0.200.202301161003/tools/bin/../lib/gcc/arm-none-eabi/10.3.1/thumb/v7e-m+dp/hard/crti.o
                0x000000000800e62c                _init
 .init          0x000000000800e630        0x8 /Applications/STM32CubeIDE.app/Contents/Eclipse/plugins/com.st.stm32cube.ide.mcu.externaltools.gnu-tools-for-stm32.10.3-2021.10.macos64_1.0.200.202301161003/tools/bin/../lib/gcc/arm-none-eabi/10.3.1/thumb/v7e-m+dp/hard/crtn.o
 *(.fini)
 .fini          0x000000000800e638        0x4 /Applications/STM32CubeIDE.app/Contents/Eclipse/plugins/com.st.stm32cube.ide.mcu.externaltools.gnu-tools-for-stm32.10.3-2021.10.macos64_1.0.200.202301161003/tools/bin/../lib/gcc/arm-none-eabi/10.3.1/thumb/v7e-m+dp/hard/crti.o
                0x000000000800e638                _fini
 .fini          0x000000000800e63c        0x8 /Applications/STM32CubeIDE.app/Contents/Eclipse/plugins/com.st.stm32cube.ide.mcu.externaltools.gnu-tools-for-stm32.10.3-2021.10.macos64_1.0.200.202301161003/tools/bin/../lib/gcc/arm-none-eabi/10.3.1/thumb/v7e-m+dp/hard/crtn.o
                0x000000000800e644                . = ALIGN (0x4)
                0x000000000800e644                _etext = .

.vfp11_veneer   0x000000000800e644        0x0
 .vfp11_veneer  0x000000000800e644        0x0 linker stubs

.v4_bx          0x000000000800e644        0x0
 .v4_bx         0x000000000800e644        0x0 linker stubs

.iplt           0x000000000800e644        0x0
 .iplt          0x000000000800e644        0x0 /Applications/STM32CubeIDE.app/Contents/Eclipse/plugins/com.st.stm32cube.ide.mcu.externaltools.gnu-tools-for-stm32.10.3-2021.10.macos64_1.0.200.202301161003/tools/bin/../lib/gcc/arm-none-eabi/10.3.1/thumb/v7e-m+dp/hard/crtbegin.o

.rodata         0x000000000800e644       0xd0
                0x000000000800e644                . = ALIGN (0x4)
 *(.rodata)
 .rodata        0x000000000800e644        0x8 ./Core/Src/main.o
 .rodata        0x000000000800e64c       0x46 ./USB_DEVICE/App/usbd_desc_midi.o
 *(.rodata*)
 *fill*         0x000000000800e692        0x2 
 .rodata.Servo_GPIO_Pins
                0x000000000800e694       0x48 ./Core/Src/main.o
                0x000000000800e694                Servo_GPIO_Pins
 .rodata.D1CorePrescTable
                0x000000000800e6dc       0x10 ./Core/Src/system_stm32h7xx.o
                0x000000000800e6dc                D1CorePrescTable
 .rodata.UARTPrescTable
                0x000000000800e6ec       0x18 ./Drivers/STM32H7xx_HAL_Driver/Src/stm32h7xx_hal_uart.o
                0x000000000800e6ec                UARTPrescTable
 .rodata.numerator.1
                0x000000000800e704        0x8 ./Drivers/STM32H7xx_HAL_Driver/Src/stm32h7xx_hal_uart_ex.o
 .rodata.denominator.0
                0x000000000800e70c        0x8 ./Drivers/STM32H7xx_HAL_Driver/Src/stm32h7xx_hal_uart_ex.o
                0x000000000800e714                . = ALIGN (0x4)

.ARM.extab
 *(.ARM.extab* .gnu.linkonce.armextab.*)

.ARM            0x000000000800e714        0x8
                0x000000000800e714                __exidx_start = .
 *(.ARM.exidx*)
 .ARM.exidx     0x000000000800e714        0x8 /Applications/STM32CubeIDE.app/Contents/Eclipse/plugins/com.st.stm32cube.ide.mcu.externaltools.gnu-tools-for-stm32.10.3-2021.10.macos64_1.0.200.202301161003/tools/bin/../lib/gcc/arm-none-eabi/10.3.1/thumb/v7e-m+dp/hard/libgcc.a(_udivmoddi4.o)
                0x000000000800e71c                __exidx_end = .

.rel.dyn        0x000000000800e71c        0x0
 .rel.iplt      0x000000000800e71c        0x0 /Applications/STM32CubeIDE.app/Contents/Eclipse/plugins/com.st.stm32cube.ide.mcu.externaltools.gnu-tools-for-stm32.10.3-2021.10.macos64_1.0.200.202301161003/tools/bin/../lib/gcc/arm-none-eabi/10.3.1/thumb/v7e-m+dp/hard/crtbegin.o

.preinit_array  0x000000000800e71c        0x0
                0x000000000800e71c                PROVIDE (__preinit_array_start = .)
 *(.preinit_array*)
                0x000000000800e71c                PROVIDE (__preinit_array_end = .)

.init_array     0x000000000800e71c        0x4
                0x000000000800e71c                PROVIDE (__init_array_start = .)
 *(SORT_BY_NAME(.init_array.*))
 *(.init_array*)
 .init_array    0x000000000800e71c        0x4 /Applications/STM32CubeIDE.app/Contents/Eclipse/plugins/com.st.stm32cube.ide.mcu.externaltools.gnu-tools-for-stm32.10.3-2021.10.macos64_1.0.200.202301161003/tools/bin/../lib/gcc/arm-none-eabi/10.3.1/thumb/v7e-m+dp/hard/crtbegin.o
                0x000000000800e720                PROVIDE (__init_array_end = .)

.fini_array     0x000000000800e720        0x4
                [!provide]                        PROVIDE (__fini_array_start = .)
 *(SORT_BY_NAME(.fini_array.*))
 *(.fini_array*)
 .fini_array    0x000000000800e720        0x4 /Applications/STM32CubeIDE.app/Contents/Eclipse/plugins/com.st.stm32cube.ide.mcu.externaltools.gnu-tools-for-stm32.10.3-2021.10.macos64_1.0.200.202301161003/tools/bin/../lib/gcc/arm-none-eabi/10.3.1/thumb/v7e-m+dp/hard/crtbegin.o
                [!provide]                        PROVIDE (__fini_array_end = .)
                0x000000000800e724                _sidata = LOADADDR (.data)

.data           0x0000000024000000      0x240 load address 0x000000000800e724
                0x0000000024000000                . = ALIGN (0x4)
                0x0000000024000000                _sdata = .
 *(.data)
 *(.data*)
 .data.Servo_GPIO_Addr
                0x0000000024000000       0x90 ./Core/Src/main.o
                0x0000000024000000                Servo_GPIO_Addr
 .data.Servo_status
                0x0000000024000090       0x90 ./Core/Src/main.o
                0x0000000024000090                Servo_status
 .data.SystemCoreClock
                0x0000000024000120        0x4 ./Core/Src/system_stm32h7xx.o
                0x0000000024000120                SystemCoreClock
 .data.SystemD2Clock
                0x0000000024000124        0x4 ./Core/Src/system_stm32h7xx.o
                0x0000000024000124                SystemD2Clock
 .data.uwTickPrio
                0x0000000024000128        0x4 ./Drivers/STM32H7xx_HAL_Driver/Src/stm32h7xx_hal.o
                0x0000000024000128                uwTickPrio
 .data.uwTickFreq
                0x000000002400012c        0x1 ./Drivers/STM32H7xx_HAL_Driver/Src/stm32h7xx_hal.o
                0x000000002400012c                uwTickFreq
 *fill*         0x000000002400012d        0x3 
 .data.USBD_CDC_DeviceQualifierDesc
                0x0000000024000130        0xa ./Middlewares/ST/STM32_USB_Device_Library/Class/MIDI/Src/usbd_midi.o
 *fill*         0x000000002400013a        0x2 
 .data.USBD_CDC
                0x000000002400013c       0x38 ./Middlewares/ST/STM32_USB_Device_Library/Class/MIDI/Src/usbd_midi.o
                0x000000002400013c                USBD_CDC
 .data.USBD_CDC_CfgDesc
                0x0000000024000174       0x65 ./Middlewares/ST/STM32_USB_Device_Library/Class/MIDI/Src/usbd_midi.o
 .data.CDCInEpAdd
                0x00000000240001d9        0x1 ./Middlewares/ST/STM32_USB_Device_Library/Class/MIDI/Src/usbd_midi.o
 .data.CDCOutEpAdd
                0x00000000240001da        0x1 ./Middlewares/ST/STM32_USB_Device_Library/Class/MIDI/Src/usbd_midi.o
 .data.CDCCmdEpAdd
                0x00000000240001db        0x1 ./Middlewares/ST/STM32_USB_Device_Library/Class/MIDI/Src/usbd_midi.o
 .data.HS_Desc  0x00000000240001dc       0x1c ./USB_DEVICE/App/usbd_desc_midi.o
                0x00000000240001dc                HS_Desc
 .data.USBD_HS_DeviceDesc
                0x00000000240001f8       0x12 ./USB_DEVICE/App/usbd_desc_midi.o
                0x00000000240001f8                USBD_HS_DeviceDesc
 *fill*         0x000000002400020a        0x2 
 .data.USBD_LangIDDesc
                0x000000002400020c        0x4 ./USB_DEVICE/App/usbd_desc_midi.o
                0x000000002400020c                USBD_LangIDDesc
 .data.USBD_StringSerial
                0x0000000024000210       0x1a ./USB_DEVICE/App/usbd_desc_midi.o
                0x0000000024000210                USBD_StringSerial
 *fill*         0x000000002400022a        0x2 
 .data.USBD_Interface_fops_HS
                0x000000002400022c       0x14 ./USB_DEVICE/App/usbd_midi_if.o
                0x000000002400022c                USBD_Interface_fops_HS
 *(.RamFunc)
 *(.RamFunc*)
                0x0000000024000240                . = ALIGN (0x4)
                0x0000000024000240                _edata = .

.igot.plt       0x0000000024000240        0x0 load address 0x000000000800e964
 .igot.plt      0x0000000024000240        0x0 /Applications/STM32CubeIDE.app/Contents/Eclipse/plugins/com.st.stm32cube.ide.mcu.externaltools.gnu-tools-for-stm32.10.3-2021.10.macos64_1.0.200.202301161003/tools/bin/../lib/gcc/arm-none-eabi/10.3.1/thumb/v7e-m+dp/hard/crtbegin.o
                0x0000000024000240                . = ALIGN (0x4)

.bss            0x0000000024000240     0x1d84 load address 0x000000000800e964
                0x0000000024000240                _sbss = .
                0x0000000024000240                __bss_start__ = _sbss
 *(.bss)
 .bss           0x0000000024000240       0x1c /Applications/STM32CubeIDE.app/Contents/Eclipse/plugins/com.st.stm32cube.ide.mcu.externaltools.gnu-tools-for-stm32.10.3-2021.10.macos64_1.0.200.202301161003/tools/bin/../lib/gcc/arm-none-eabi/10.3.1/thumb/v7e-m+dp/hard/crtbegin.o
 *(.bss*)
 .bss.pwm_counter
                0x000000002400025c        0x4 ./Core/Src/main.o
 .bss.pwm       0x0000000024000260        0x4 ./Core/Src/main.o
                0x0000000024000260                pwm
 .bss.htim1     0x0000000024000264       0x4c ./Core/Src/tim.o
                0x0000000024000264                htim1
 .bss.htim2     0x00000000240002b0       0x4c ./Core/Src/tim.o
                0x00000000240002b0                htim2
 .bss.uartFlag  0x00000000240002fc        0x1 ./Core/Src/usart.o
                0x00000000240002fc                uartFlag
 *fill*         0x00000000240002fd        0x3 
 .bss.uartRxBuffer
                0x0000000024000300       0x10 ./Core/Src/usart.o
                0x0000000024000300                uartRxBuffer
 .bss.uartTxBuffer
                0x0000000024000310       0x10 ./Core/Src/usart.o
                0x0000000024000310                uartTxBuffer
 .bss.huart3    0x0000000024000320       0x94 ./Core/Src/usart.o
                0x0000000024000320                huart3
 .bss.uwTick    0x00000000240003b4        0x4 ./Drivers/STM32H7xx_HAL_Driver/Src/stm32h7xx_hal.o
                0x00000000240003b4                uwTick
 .bss.cfgidx.0  0x00000000240003b8        0x1 ./Middlewares/ST/STM32_USB_Device_Library/Core/Src/usbd_ctlreq.o
 *fill*         0x00000000240003b9        0x3 
 .bss.hUsbDeviceHS
                0x00000000240003bc      0x2dc ./USB_DEVICE/App/usb_device.o
                0x00000000240003bc                hUsbDeviceHS
 .bss.USBD_StrDesc
                0x0000000024000698      0x200 ./USB_DEVICE/App/usbd_desc_midi.o
                0x0000000024000698                USBD_StrDesc
 .bss.UserRxBufferHS
                0x0000000024000898      0x800 ./USB_DEVICE/App/usbd_midi_if.o
                0x0000000024000898                UserRxBufferHS
 .bss.UserTxBufferHS
                0x0000000024001098      0x800 ./USB_DEVICE/App/usbd_midi_if.o
                0x0000000024001098                UserTxBufferHS
 .bss.hpcd_USB_OTG_HS
                0x0000000024001898      0x50c ./USB_DEVICE/Target/usbd_conf_midi.o
                0x0000000024001898                hpcd_USB_OTG_HS
 .bss.mem.0     0x0000000024001da4      0x220 ./USB_DEVICE/Target/usbd_conf_midi.o
 *(COMMON)
                0x0000000024001fc4                . = ALIGN (0x4)
                0x0000000024001fc4                _ebss = .
                0x0000000024001fc4                __bss_end__ = _ebss

._user_heap_stack
                0x0000000024001fc4      0x604 load address 0x000000000800e964
                0x0000000024001fc8                . = ALIGN (0x8)
 *fill*         0x0000000024001fc4        0x4 
                [!provide]                        PROVIDE (end = .)
                0x0000000024001fc8                PROVIDE (_end = .)
                0x00000000240021c8                . = (. + _Min_Heap_Size)
 *fill*         0x0000000024001fc8      0x200 
                0x00000000240025c8                . = (. + _Min_Stack_Size)
 *fill*         0x00000000240021c8      0x400 
                0x00000000240025c8                . = ALIGN (0x8)

/DISCARD/
 libc.a(*)
 libm.a(*)
 libgcc.a(*)

.ARM.attributes
                0x0000000000000000       0x2e
 *(.ARM.attributes)
 .ARM.attributes
                0x0000000000000000       0x1e /Applications/STM32CubeIDE.app/Contents/Eclipse/plugins/com.st.stm32cube.ide.mcu.externaltools.gnu-tools-for-stm32.10.3-2021.10.macos64_1.0.200.202301161003/tools/bin/../lib/gcc/arm-none-eabi/10.3.1/thumb/v7e-m+dp/hard/crti.o
 .ARM.attributes
                0x000000000000001e       0x32 /Applications/STM32CubeIDE.app/Contents/Eclipse/plugins/com.st.stm32cube.ide.mcu.externaltools.gnu-tools-for-stm32.10.3-2021.10.macos64_1.0.200.202301161003/tools/bin/../lib/gcc/arm-none-eabi/10.3.1/thumb/v7e-m+dp/hard/crtbegin.o
 .ARM.attributes
                0x0000000000000050       0x32 ./Core/Src/gpio.o
 .ARM.attributes
                0x0000000000000082       0x32 ./Core/Src/main.o
 .ARM.attributes
                0x00000000000000b4       0x32 ./Core/Src/stm32h7xx_hal_msp.o
 .ARM.attributes
                0x00000000000000e6       0x32 ./Core/Src/stm32h7xx_it.o
 .ARM.attributes
                0x0000000000000118       0x32 ./Core/Src/system_stm32h7xx.o
 .ARM.attributes
                0x000000000000014a       0x32 ./Core/Src/tim.o
 .ARM.attributes
                0x000000000000017c       0x32 ./Core/Src/usart.o
 .ARM.attributes
                0x00000000000001ae       0x21 ./Core/Startup/startup_stm32h7a3zitxq.o
 .ARM.attributes
                0x00000000000001cf       0x32 ./Drivers/STM32H7xx_HAL_Driver/Src/stm32h7xx_hal.o
 .ARM.attributes
                0x0000000000000201       0x32 ./Drivers/STM32H7xx_HAL_Driver/Src/stm32h7xx_hal_cortex.o
 .ARM.attributes
                0x0000000000000233       0x32 ./Drivers/STM32H7xx_HAL_Driver/Src/stm32h7xx_hal_dma.o
 .ARM.attributes
                0x0000000000000265       0x32 ./Drivers/STM32H7xx_HAL_Driver/Src/stm32h7xx_hal_gpio.o
 .ARM.attributes
                0x0000000000000297       0x32 ./Drivers/STM32H7xx_HAL_Driver/Src/stm32h7xx_hal_pcd.o
 .ARM.attributes
                0x00000000000002c9       0x32 ./Drivers/STM32H7xx_HAL_Driver/Src/stm32h7xx_hal_pcd_ex.o
 .ARM.attributes
                0x00000000000002fb       0x32 ./Drivers/STM32H7xx_HAL_Driver/Src/stm32h7xx_hal_pwr_ex.o
 .ARM.attributes
                0x000000000000032d       0x32 ./Drivers/STM32H7xx_HAL_Driver/Src/stm32h7xx_hal_rcc.o
 .ARM.attributes
                0x000000000000035f       0x32 ./Drivers/STM32H7xx_HAL_Driver/Src/stm32h7xx_hal_rcc_ex.o
 .ARM.attributes
                0x0000000000000391       0x32 ./Drivers/STM32H7xx_HAL_Driver/Src/stm32h7xx_hal_tim.o
 .ARM.attributes
                0x00000000000003c3       0x32 ./Drivers/STM32H7xx_HAL_Driver/Src/stm32h7xx_hal_tim_ex.o
 .ARM.attributes
                0x00000000000003f5       0x32 ./Drivers/STM32H7xx_HAL_Driver/Src/stm32h7xx_hal_uart.o
 .ARM.attributes
                0x0000000000000427       0x32 ./Drivers/STM32H7xx_HAL_Driver/Src/stm32h7xx_hal_uart_ex.o
 .ARM.attributes
                0x0000000000000459       0x32 ./Drivers/STM32H7xx_HAL_Driver/Src/stm32h7xx_ll_usb.o
 .ARM.attributes
                0x000000000000048b       0x32 ./Middlewares/ST/STM32_USB_Device_Library/Class/MIDI/Src/usbd_midi.o
 .ARM.attributes
                0x00000000000004bd       0x32 ./Middlewares/ST/STM32_USB_Device_Library/Core/Src/usbd_core.o
 .ARM.attributes
                0x00000000000004ef       0x32 ./Middlewares/ST/STM32_USB_Device_Library/Core/Src/usbd_ctlreq.o
 .ARM.attributes
                0x0000000000000521       0x32 ./Middlewares/ST/STM32_USB_Device_Library/Core/Src/usbd_ioreq.o
 .ARM.attributes
                0x0000000000000553       0x32 ./USB_DEVICE/App/usb_device.o
 .ARM.attributes
                0x0000000000000585       0x32 ./USB_DEVICE/App/usbd_desc_midi.o
 .ARM.attributes
                0x00000000000005b7       0x32 ./USB_DEVICE/App/usbd_midi_if.o
 .ARM.attributes
                0x00000000000005e9       0x32 ./USB_DEVICE/Target/usbd_conf_midi.o
 .ARM.attributes
                0x000000000000061b       0x32 /Applications/STM32CubeIDE.app/Contents/Eclipse/plugins/com.st.stm32cube.ide.mcu.externaltools.gnu-tools-for-stm32.10.3-2021.10.macos64_1.0.200.202301161003/tools/bin/../lib/gcc/arm-none-eabi/10.3.1/../../../../arm-none-eabi/lib/thumb/v7e-m+dp/hard/libc_nano.a(lib_a-init.o)
 .ARM.attributes
                0x000000000000064d       0x32 /Applications/STM32CubeIDE.app/Contents/Eclipse/plugins/com.st.stm32cube.ide.mcu.externaltools.gnu-tools-for-stm32.10.3-2021.10.macos64_1.0.200.202301161003/tools/bin/../lib/gcc/arm-none-eabi/10.3.1/../../../../arm-none-eabi/lib/thumb/v7e-m+dp/hard/libc_nano.a(lib_a-memset.o)
 .ARM.attributes
                0x000000000000067f       0x1e /Applications/STM32CubeIDE.app/Contents/Eclipse/plugins/com.st.stm32cube.ide.mcu.externaltools.gnu-tools-for-stm32.10.3-2021.10.macos64_1.0.200.202301161003/tools/bin/../lib/gcc/arm-none-eabi/10.3.1/thumb/v7e-m+dp/hard/libgcc.a(_aeabi_uldivmod.o)
 .ARM.attributes
                0x000000000000069d       0x32 /Applications/STM32CubeIDE.app/Contents/Eclipse/plugins/com.st.stm32cube.ide.mcu.externaltools.gnu-tools-for-stm32.10.3-2021.10.macos64_1.0.200.202301161003/tools/bin/../lib/gcc/arm-none-eabi/10.3.1/thumb/v7e-m+dp/hard/libgcc.a(_udivmoddi4.o)
 .ARM.attributes
                0x00000000000006cf       0x1e /Applications/STM32CubeIDE.app/Contents/Eclipse/plugins/com.st.stm32cube.ide.mcu.externaltools.gnu-tools-for-stm32.10.3-2021.10.macos64_1.0.200.202301161003/tools/bin/../lib/gcc/arm-none-eabi/10.3.1/thumb/v7e-m+dp/hard/libgcc.a(_dvmd_tls.o)
 .ARM.attributes
                0x00000000000006ed       0x1e /Applications/STM32CubeIDE.app/Contents/Eclipse/plugins/com.st.stm32cube.ide.mcu.externaltools.gnu-tools-for-stm32.10.3-2021.10.macos64_1.0.200.202301161003/tools/bin/../lib/gcc/arm-none-eabi/10.3.1/thumb/v7e-m+dp/hard/crtn.o
OUTPUT(ALED.elf elf32-littlearm)
LOAD linker stubs
LOAD /Applications/STM32CubeIDE.app/Contents/Eclipse/plugins/com.st.stm32cube.ide.mcu.externaltools.gnu-tools-for-stm32.10.3-2021.10.macos64_1.0.200.202301161003/tools/bin/../lib/gcc/arm-none-eabi/10.3.1/../../../../arm-none-eabi/lib/thumb/v7e-m+dp/hard/libc.a
LOAD /Applications/STM32CubeIDE.app/Contents/Eclipse/plugins/com.st.stm32cube.ide.mcu.externaltools.gnu-tools-for-stm32.10.3-2021.10.macos64_1.0.200.202301161003/tools/bin/../lib/gcc/arm-none-eabi/10.3.1/../../../../arm-none-eabi/lib/thumb/v7e-m+dp/hard/libm.a
LOAD /Applications/STM32CubeIDE.app/Contents/Eclipse/plugins/com.st.stm32cube.ide.mcu.externaltools.gnu-tools-for-stm32.10.3-2021.10.macos64_1.0.200.202301161003/tools/bin/../lib/gcc/arm-none-eabi/10.3.1/thumb/v7e-m+dp/hard/libgcc.a

.debug_info     0x0000000000000000    0x2396b
 .debug_info    0x0000000000000000      0x727 ./Core/Src/gpio.o
 .debug_info    0x0000000000000727     0x1b66 ./Core/Src/main.o
 .debug_info    0x000000000000228d      0x4cc ./Core/Src/stm32h7xx_hal_msp.o
 .debug_info    0x0000000000002759     0x11ab ./Core/Src/stm32h7xx_it.o
 .debug_info    0x0000000000003904      0xc8a ./Core/Src/system_stm32h7xx.o
 .debug_info    0x000000000000458e     0x141a ./Core/Src/tim.o
 .debug_info    0x00000000000059a8     0x1539 ./Core/Src/usart.o
 .debug_info    0x0000000000006ee1       0x22 ./Core/Startup/startup_stm32h7a3zitxq.o
 .debug_info    0x0000000000006f03     0x1476 ./Drivers/STM32H7xx_HAL_Driver/Src/stm32h7xx_hal.o
 .debug_info    0x0000000000008379     0x114f ./Drivers/STM32H7xx_HAL_Driver/Src/stm32h7xx_hal_cortex.o
 .debug_info    0x00000000000094c8      0xc06 ./Drivers/STM32H7xx_HAL_Driver/Src/stm32h7xx_hal_dma.o
 .debug_info    0x000000000000a0ce      0xbe7 ./Drivers/STM32H7xx_HAL_Driver/Src/stm32h7xx_hal_gpio.o
 .debug_info    0x000000000000acb5     0x169e ./Drivers/STM32H7xx_HAL_Driver/Src/stm32h7xx_hal_pcd.o
 .debug_info    0x000000000000c353      0x913 ./Drivers/STM32H7xx_HAL_Driver/Src/stm32h7xx_hal_pcd_ex.o
 .debug_info    0x000000000000cc66      0xfba ./Drivers/STM32H7xx_HAL_Driver/Src/stm32h7xx_hal_pwr_ex.o
 .debug_info    0x000000000000dc20      0xf8f ./Drivers/STM32H7xx_HAL_Driver/Src/stm32h7xx_hal_rcc.o
 .debug_info    0x000000000000ebaf     0x12c9 ./Drivers/STM32H7xx_HAL_Driver/Src/stm32h7xx_hal_rcc_ex.o
 .debug_info    0x000000000000fe78     0x2e05 ./Drivers/STM32H7xx_HAL_Driver/Src/stm32h7xx_hal_tim.o
 .debug_info    0x0000000000012c7d     0x1a09 ./Drivers/STM32H7xx_HAL_Driver/Src/stm32h7xx_hal_tim_ex.o
 .debug_info    0x0000000000014686     0x4df2 ./Drivers/STM32H7xx_HAL_Driver/Src/stm32h7xx_hal_uart.o
 .debug_info    0x0000000000019478     0x105a ./Drivers/STM32H7xx_HAL_Driver/Src/stm32h7xx_hal_uart_ex.o
 .debug_info    0x000000000001a4d2     0x1b52 ./Drivers/STM32H7xx_HAL_Driver/Src/stm32h7xx_ll_usb.o
 .debug_info    0x000000000001c024     0x13b0 ./Middlewares/ST/STM32_USB_Device_Library/Class/MIDI/Src/usbd_midi.o
 .debug_info    0x000000000001d3d4      0xef5 ./Middlewares/ST/STM32_USB_Device_Library/Core/Src/usbd_core.o
 .debug_info    0x000000000001e2c9      0xb8d ./Middlewares/ST/STM32_USB_Device_Library/Core/Src/usbd_ctlreq.o
 .debug_info    0x000000000001ee56      0x7e8 ./Middlewares/ST/STM32_USB_Device_Library/Core/Src/usbd_ioreq.o
 .debug_info    0x000000000001f63e      0x7d9 ./USB_DEVICE/App/usb_device.o
 .debug_info    0x000000000001fe17      0x49d ./USB_DEVICE/App/usbd_desc_midi.o
 .debug_info    0x00000000000202b4     0x1089 ./USB_DEVICE/App/usbd_midi_if.o
 .debug_info    0x000000000002133d     0x262e ./USB_DEVICE/Target/usbd_conf_midi.o

.debug_abbrev   0x0000000000000000     0x447c
 .debug_abbrev  0x0000000000000000      0x18c ./Core/Src/gpio.o
 .debug_abbrev  0x000000000000018c      0x32c ./Core/Src/main.o
 .debug_abbrev  0x00000000000004b8       0xeb ./Core/Src/stm32h7xx_hal_msp.o
 .debug_abbrev  0x00000000000005a3      0x1dc ./Core/Src/stm32h7xx_it.o
 .debug_abbrev  0x000000000000077f      0x147 ./Core/Src/system_stm32h7xx.o
 .debug_abbrev  0x00000000000008c6      0x25a ./Core/Src/tim.o
 .debug_abbrev  0x0000000000000b20      0x24d ./Core/Src/usart.o
 .debug_abbrev  0x0000000000000d6d       0x12 ./Core/Startup/startup_stm32h7a3zitxq.o
 .debug_abbrev  0x0000000000000d7f      0x289 ./Drivers/STM32H7xx_HAL_Driver/Src/stm32h7xx_hal.o
 .debug_abbrev  0x0000000000001008      0x329 ./Drivers/STM32H7xx_HAL_Driver/Src/stm32h7xx_hal_cortex.o
 .debug_abbrev  0x0000000000001331      0x239 ./Drivers/STM32H7xx_HAL_Driver/Src/stm32h7xx_hal_dma.o
 .debug_abbrev  0x000000000000156a      0x1ec ./Drivers/STM32H7xx_HAL_Driver/Src/stm32h7xx_hal_gpio.o
 .debug_abbrev  0x0000000000001756      0x2d2 ./Drivers/STM32H7xx_HAL_Driver/Src/stm32h7xx_hal_pcd.o
 .debug_abbrev  0x0000000000001a28      0x24a ./Drivers/STM32H7xx_HAL_Driver/Src/stm32h7xx_hal_pcd_ex.o
 .debug_abbrev  0x0000000000001c72      0x27e ./Drivers/STM32H7xx_HAL_Driver/Src/stm32h7xx_hal_pwr_ex.o
 .debug_abbrev  0x0000000000001ef0      0x2b8 ./Drivers/STM32H7xx_HAL_Driver/Src/stm32h7xx_hal_rcc.o
 .debug_abbrev  0x00000000000021a8      0x26d ./Drivers/STM32H7xx_HAL_Driver/Src/stm32h7xx_hal_rcc_ex.o
 .debug_abbrev  0x0000000000002415      0x264 ./Drivers/STM32H7xx_HAL_Driver/Src/stm32h7xx_hal_tim.o
 .debug_abbrev  0x0000000000002679      0x281 ./Drivers/STM32H7xx_HAL_Driver/Src/stm32h7xx_hal_tim_ex.o
 .debug_abbrev  0x00000000000028fa      0x336 ./Drivers/STM32H7xx_HAL_Driver/Src/stm32h7xx_hal_uart.o
 .debug_abbrev  0x0000000000002c30      0x2bd ./Drivers/STM32H7xx_HAL_Driver/Src/stm32h7xx_hal_uart_ex.o
 .debug_abbrev  0x0000000000002eed      0x296 ./Drivers/STM32H7xx_HAL_Driver/Src/stm32h7xx_ll_usb.o
 .debug_abbrev  0x0000000000003183      0x2be ./Middlewares/ST/STM32_USB_Device_Library/Class/MIDI/Src/usbd_midi.o
 .debug_abbrev  0x0000000000003441      0x263 ./Middlewares/ST/STM32_USB_Device_Library/Core/Src/usbd_core.o
 .debug_abbrev  0x00000000000036a4      0x25c ./Middlewares/ST/STM32_USB_Device_Library/Core/Src/usbd_ctlreq.o
 .debug_abbrev  0x0000000000003900      0x18a ./Middlewares/ST/STM32_USB_Device_Library/Core/Src/usbd_ioreq.o
 .debug_abbrev  0x0000000000003a8a      0x1cc ./USB_DEVICE/App/usb_device.o
 .debug_abbrev  0x0000000000003c56      0x209 ./USB_DEVICE/App/usbd_desc_midi.o
 .debug_abbrev  0x0000000000003e5f      0x2ce ./USB_DEVICE/App/usbd_midi_if.o
 .debug_abbrev  0x000000000000412d      0x34f ./USB_DEVICE/Target/usbd_conf_midi.o

.debug_aranges  0x0000000000000000     0x1850
 .debug_aranges
                0x0000000000000000       0x20 ./Core/Src/gpio.o
 .debug_aranges
                0x0000000000000020       0x48 ./Core/Src/main.o
 .debug_aranges
                0x0000000000000068       0x20 ./Core/Src/stm32h7xx_hal_msp.o
 .debug_aranges
                0x0000000000000088       0x78 ./Core/Src/stm32h7xx_it.o
 .debug_aranges
                0x0000000000000100       0x28 ./Core/Src/system_stm32h7xx.o
 .debug_aranges
                0x0000000000000128       0x50 ./Core/Src/tim.o
 .debug_aranges
                0x0000000000000178       0x30 ./Core/Src/usart.o
 .debug_aranges
                0x00000000000001a8       0x28 ./Core/Startup/startup_stm32h7a3zitxq.o
 .debug_aranges
                0x00000000000001d0      0x1a0 ./Drivers/STM32H7xx_HAL_Driver/Src/stm32h7xx_hal.o
 .debug_aranges
                0x0000000000000370      0x120 ./Drivers/STM32H7xx_HAL_Driver/Src/stm32h7xx_hal_cortex.o
 .debug_aranges
                0x0000000000000490       0xa0 ./Drivers/STM32H7xx_HAL_Driver/Src/stm32h7xx_hal_dma.o
 .debug_aranges
                0x0000000000000530       0x58 ./Drivers/STM32H7xx_HAL_Driver/Src/stm32h7xx_hal_gpio.o
 .debug_aranges
                0x0000000000000588      0x140 ./Drivers/STM32H7xx_HAL_Driver/Src/stm32h7xx_hal_pcd.o
 .debug_aranges
                0x00000000000006c8       0x60 ./Drivers/STM32H7xx_HAL_Driver/Src/stm32h7xx_hal_pcd_ex.o
 .debug_aranges
                0x0000000000000728      0x188 ./Drivers/STM32H7xx_HAL_Driver/Src/stm32h7xx_hal_pwr_ex.o
 .debug_aranges
                0x00000000000008b0       0x88 ./Drivers/STM32H7xx_HAL_Driver/Src/stm32h7xx_hal_rcc.o
 .debug_aranges
                0x0000000000000938       0xf0 ./Drivers/STM32H7xx_HAL_Driver/Src/stm32h7xx_hal_rcc_ex.o
 .debug_aranges
                0x0000000000000a28      0x3e0 ./Drivers/STM32H7xx_HAL_Driver/Src/stm32h7xx_hal_tim.o
 .debug_aranges
                0x0000000000000e08      0x198 ./Drivers/STM32H7xx_HAL_Driver/Src/stm32h7xx_hal_tim_ex.o
 .debug_aranges
                0x0000000000000fa0      0x248 ./Drivers/STM32H7xx_HAL_Driver/Src/stm32h7xx_hal_uart.o
 .debug_aranges
                0x00000000000011e8       0xa8 ./Drivers/STM32H7xx_HAL_Driver/Src/stm32h7xx_hal_uart_ex.o
 .debug_aranges
                0x0000000000001290      0x1a0 ./Drivers/STM32H7xx_HAL_Driver/Src/stm32h7xx_ll_usb.o
 .debug_aranges
                0x0000000000001430       0x90 ./Middlewares/ST/STM32_USB_Device_Library/Class/MIDI/Src/usbd_midi.o
 .debug_aranges
                0x00000000000014c0       0xd8 ./Middlewares/ST/STM32_USB_Device_Library/Core/Src/usbd_core.o
 .debug_aranges
                0x0000000000001598       0x90 ./Middlewares/ST/STM32_USB_Device_Library/Core/Src/usbd_ctlreq.o
 .debug_aranges